Component: ARM Compiler 5.06 update 7 (build 960) Tool: armlink [4d3601]

==============================================================================

Section Cross References

    system_stm32f10x.o(.text) refers to system_stm32f10x.o(.data) for SystemCoreClock
    stm32f10x_gpio.o(.text) refers to stm32f10x_rcc.o(.text) for RCC_APB2PeriphResetCmd
    stm32f10x_rcc.o(.text) refers to stm32f10x_rcc.o(.data) for APBAHBPrescTable
    stm32f10x_usart.o(.text) refers to stm32f10x_rcc.o(.text) for RCC_APB2PeriphResetCmd
    stm32f10x_i2c.o(.text) refers to stm32f10x_rcc.o(.text) for RCC_APB1PeriphResetCmd
    stm32f10x_tim.o(.text) refers to stm32f10x_rcc.o(.text) for RCC_APB2PeriphResetCmd
    stm32f10x_spi.o(.text) refers to stm32f10x_rcc.o(.text) for RCC_APB2PeriphResetCmd
    stm32f10x_adc.o(.text) refers to stm32f10x_rcc.o(.text) for RCC_APB2PeriphResetCmd
    startup_stm32f10x_hd.o(STACK) refers (Special) to heapauxi.o(.text) for __use_two_region_memory
    startup_stm32f10x_hd.o(HEAP) refers (Special) to heapauxi.o(.text) for __use_two_region_memory
    startup_stm32f10x_hd.o(RESET) refers (Special) to heapauxi.o(.text) for __use_two_region_memory
    startup_stm32f10x_hd.o(RESET) refers to startup_stm32f10x_hd.o(STACK) for __initial_sp
    startup_stm32f10x_hd.o(RESET) refers to startup_stm32f10x_hd.o(.text) for Reset_Handler
    startup_stm32f10x_hd.o(RESET) refers to stm32f10x_it.o(.text) for NMI_Handler
    startup_stm32f10x_hd.o(RESET) refers to z_timer.o(.text) for SysTick_Handler
    startup_stm32f10x_hd.o(RESET) refers to z_usart.o(.text) for USART1_IRQHandler
    startup_stm32f10x_hd.o(.text) refers (Special) to heapauxi.o(.text) for __use_two_region_memory
    startup_stm32f10x_hd.o(.text) refers to system_stm32f10x.o(.text) for SystemInit
    startup_stm32f10x_hd.o(.text) refers to __main.o(!!!main) for __main
    startup_stm32f10x_hd.o(.text) refers to startup_stm32f10x_hd.o(HEAP) for Heap_Mem
    startup_stm32f10x_hd.o(.text) refers to startup_stm32f10x_hd.o(STACK) for Stack_Mem
    z_main.o(.text) refers to _printf_pad.o(.text) for _printf_pre_padding
    z_main.o(.text) refers to _printf_percent.o(.ARM.Collect$$_printf_percent$$00000000) for _printf_percent
    z_main.o(.text) refers to _printf_d.o(.ARM.Collect$$_printf_percent$$00000009) for _printf_d
    z_main.o(.text) refers to _printf_dec.o(.text) for _printf_int_dec
    z_main.o(.text) refers to _printf_f.o(.ARM.Collect$$_printf_percent$$00000003) for _printf_f
    z_main.o(.text) refers to printf1.o(x$fpl$printf1) for _printf_fp_dec
    z_main.o(.text) refers to _scanf_int.o(.text) for _scanf_int
    z_main.o(.text) refers to z_w25q64.o(.text) for spiFlahsOn
    z_main.o(.text) refers to z_timer.o(.text) for millis
    z_main.o(.text) refers to noretval__2sprintf.o(.text) for __2sprintf
    z_main.o(.text) refers to z_usart.o(.text) for zx_uart_send_str
    z_main.o(.text) refers to z_global.o(.text) for abs_int
    z_main.o(.text) refers to dflt_clz.o(x$fpl$dflt) for __aeabi_i2d
    z_main.o(.text) refers to f2d.o(x$fpl$f2d) for __aeabi_f2d
    z_main.o(.text) refers to daddsub_clz.o(x$fpl$dadd) for __aeabi_dadd
    z_main.o(.text) refers to daddsub_clz.o(x$fpl$dsub) for __aeabi_dsub
    z_main.o(.text) refers to d2f.o(x$fpl$d2f) for __aeabi_d2f
    z_main.o(.text) refers to frleqf.o(x$fpl$frleqf) for __aeabi_cfrcmple
    z_main.o(.text) refers to fleqf.o(x$fpl$fleqf) for __aeabi_cfcmple
    z_main.o(.text) refers to ffixu.o(x$fpl$ffixu) for __aeabi_f2uiz
    z_main.o(.text) refers to fflt_clz.o(x$fpl$ffltu) for __aeabi_ui2f
    z_main.o(.text) refers to fmul.o(x$fpl$fmul) for __aeabi_fmul
    z_main.o(.text) refers to faddsub_clz.o(x$fpl$fadd) for __aeabi_fadd
    z_main.o(.text) refers to faddsub_clz.o(x$fpl$fsub) for __aeabi_fsub
    z_main.o(.text) refers to z_global.o(.bss) for eeprom_info
    z_main.o(.text) refers to z_main.o(.data) for needSaveFlag
    z_main.o(.text) refers to z_main.o(.bss) for psx_buf
    z_main.o(.text) refers to fflt_clz.o(x$fpl$fflt) for __aeabi_i2f
    z_main.o(.text) refers to dflt_clz.o(x$fpl$dfltu) for __aeabi_ui2d
    z_main.o(.text) refers to ddiv.o(x$fpl$ddiv) for __aeabi_ddiv
    z_main.o(.text) refers to z_kinematics.o(.text) for kinematics_analysis
    z_main.o(.text) refers to rt_memclr.o(.text) for __aeabi_memclr
    z_main.o(.text) refers to __0sscanf.o(.text) for __0sscanf
    z_main.o(.text) refers to z_gpio.o(.text) for beep_on_times
    z_main.o(.text) refers to z_delay.o(.text) for tb_delay_ms
    z_main.o(.text) refers to z_global.o(.data) for group_do_ok
    z_main.o(.text) refers to z_sensor.o(.data) for flagSoundStart
    z_main.o(.text) refers to strlen.o(.text) for strlen
    z_main.o(.text) refers to rt_memcpy_v6.o(.text) for __aeabi_memcpy
    z_main.o(.text) refers to stm32f10x_usart.o(.text) for USART_ITConfig
    z_main.o(.text) refers to strcpy.o(.text) for strcpy
    z_main.o(.text) refers to z_ps2.o(.text) for psx_write_read
[...]
    TIM_SelectOCxM                           0x08001cbf   Thumb Code    82  stm32f10x_tim.o(.text)
    TIM_UpdateDisableConfig                  0x08001d11   Thumb Code    24  stm32f10x_tim.o(.text)
    TIM_UpdateRequestConfig                  0x08001d29   Thumb Code    24  stm32f10x_tim.o(.text)
    TIM_SelectHallSensor                     0x08001d41   Thumb Code    24  stm32f10x_tim.o(.text)
    TIM_SelectOnePulseMode                   0x08001d59   Thumb Code    18  stm32f10x_tim.o(.text)
    TIM_SelectOutputTrigger                  0x08001d6b   Thumb Code    18  stm32f10x_tim.o(.text)
    TIM_SelectSlaveMode                      0x08001d7d   Thumb Code    18  stm32f10x_tim.o(.text)
    TIM_SelectMasterSlaveMode                0x08001d8f   Thumb Code    18  stm32f10x_tim.o(.text)
    TIM_SetCounter                           0x08001da1   Thumb Code     4  stm32f10x_tim.o(.text)
    TIM_SetAutoreload                        0x08001da5   Thumb Code     4  stm32f10x_tim.o(.text)
    TIM_SetCompare1                          0x08001da9   Thumb Code     4  stm32f10x_tim.o(.text)
    TIM_SetCompare2                          0x08001dad   Thumb Code     4  stm32f10x_tim.o(.text)
    TIM_SetCompare3                          0x08001db1   Thumb Code     4  stm32f10x_tim.o(.text)
    TIM_SetCompare4                          0x08001db5   Thumb Code     6  stm32f10x_tim.o(.text)
    TIM_SetClockDivision                     0x08001dbb   Thumb Code    18  stm32f10x_tim.o(.text)
    TIM_GetCapture1                          0x08001dcd   Thumb Code     6  stm32f10x_tim.o(.text)
    TIM_GetCapture2                          0x08001dd3   Thumb Code     6  stm32f10x_tim.o(.text)
    TIM_GetCapture3                          0x08001dd9   Thumb Code     6  stm32f10x_tim.o(.text)
    TIM_GetCapture4                          0x08001ddf   Thumb Code     8  stm32f10x_tim.o(.text)
    TIM_GetCounter                           0x08001de7   Thumb Code     6  stm32f10x_tim.o(.text)
    TIM_GetPrescaler                         0x08001ded   Thumb Code     6  stm32f10x_tim.o(.text)
    TIM_GetFlagStatus                        0x08001df3   Thumb Code    18  stm32f10x_tim.o(.text)
    TIM_ClearFlag                            0x08001e05   Thumb Code     6  stm32f10x_tim.o(.text)
    TIM_GetITStatus                          0x08001e0b   Thumb Code    34  stm32f10x_tim.o(.text)
    TIM_ClearITPendingBit                    0x08001e2d   Thumb Code     6  stm32f10x_tim.o(.text)
    SPI_I2S_DeInit                           0x08001e35   Thumb Code    76  stm32f10x_spi.o(.text)
    SPI_Init                                 0x08001e81   Thumb Code    60  stm32f10x_spi.o(.text)
    I2S_Init                                 0x08001ebd   Thumb Code   226  stm32f10x_spi.o(.text)
    SPI_StructInit                           0x08001f9f   Thumb Code    24  stm32f10x_spi.o(.text)
    I2S_StructInit                           0x08001fb7   Thumb Code    20  stm32f10x_spi.o(.text)
    SPI_Cmd                                  0x08001fcb   Thumb Code    24  stm32f10x_spi.o(.text)
    I2S_Cmd                                  0x08001fe3   Thumb Code    24  stm32f10x_spi.o(.text)
    SPI_I2S_ITConfig                         0x08001ffb   Thumb Code    32  stm32f10x_spi.o(.text)
    SPI_I2S_DMACmd                           0x0800201b   Thumb Code    18  stm32f10x_spi.o(.text)
    SPI_I2S_SendData                         0x0800202d   Thumb Code     4  stm32f10x_spi.o(.text)
    SPI_I2S_ReceiveData                      0x08002031   Thumb Code     6  stm32f10x_spi.o(.text)
    SPI_NSSInternalSoftwareConfig            0x08002037   Thumb Code    30  stm32f10x_spi.o(.text)
    SPI_SSOutputCmd                          0x08002055   Thumb Code    24  stm32f10x_spi.o(.text)
    SPI_DataSizeConfig                       0x0800206d   Thumb Code    18  stm32f10x_spi.o(.text)
    SPI_TransmitCRC                          0x0800207f   Thumb Code    10  stm32f10x_spi.o(.text)
    SPI_CalculateCRC                         0x08002089   Thumb Code    24  stm32f10x_spi.o(.text)
    SPI_GetCRC                               0x080020a1   Thumb Code    16  stm32f10x_spi.o(.text)
    SPI_GetCRCPolynomial                     0x080020b1   Thumb Code     6  stm32f10x_spi.o(.text)
    SPI_BiDirectionalLineConfig              0x080020b7   Thumb Code    28  stm32f10x_spi.o(.text)
    SPI_I2S_GetFlagStatus                    0x080020d3   Thumb Code    18  stm32f10x_spi.o(.text)
    SPI_I2S_ClearFlag                        0x080020e5   Thumb Code     6  stm32f10x_spi.o(.text)
    SPI_I2S_GetITStatus                      0x080020eb   Thumb Code    52  stm32f10x_spi.o(.text)
    SPI_I2S_ClearITPendingBit                0x0800211f   Thumb Code    20  stm32f10x_spi.o(.text)
    ADC_DeInit                               0x08002141   Thumb Code    78  stm32f10x_adc.o(.text)
    ADC_Init                                 0x0800218f   Thumb Code    70  stm32f10x_adc.o(.text)
    ADC_StructInit                           0x080021d5   Thumb Code    18  stm32f10x_adc.o(.text)
    ADC_Cmd                                  0x080021e7   Thumb Code    22  stm32f10x_adc.o(.text)
    ADC_DMACmd                               0x080021fd   Thumb Code    22  stm32f10x_adc.o(.text)
    ADC_ITConfig                             0x08002213   Thumb Code    24  stm32f10x_adc.o(.text)
    ADC_ResetCalibration                     0x0800222b   Thumb Code    10  stm32f10x_adc.o(.text)
    ADC_GetResetCalibrationStatus            0x08002235   Thumb Code    20  stm32f10x_adc.o(.text)
    ADC_StartCalibration                     0x08002249   Thumb Code    10  stm32f10x_adc.o(.text)
    ADC_GetCalibrationStatus                 0x08002253   Thumb Code    20  stm32f10x_adc.o(.text)
    ADC_SoftwareStartConvCmd                 0x08002267   Thumb Code    22  stm32f10x_adc.o(.text)
    ADC_GetSoftwareStartConvStatus           0x0800227d   Thumb Code    20  stm32f10x_adc.o(.text)
    ADC_DiscModeChannelCountConfig           0x08002291   Thumb Code    24  stm32f10x_adc.o(.text)
    ADC_DiscModeCmd                          0x080022a9   Thumb Code    22  stm32f10x_adc.o(.text)
    ADC_RegularChannelConfig                 0x080022bf   Thumb Code   184  stm32f10x_adc.o(.text)
    ADC_ExternalTrigConvCmd                  0x08002377   Thumb Code    22  stm32f10x_adc.o(.text)
    ADC_GetConversionValue                   0x0800238d   Thumb Code     8  stm32f10x_adc.o(.text)
    ADC_GetDualModeConversionValue           0x08002395   Thumb Code     8  stm32f10x_adc.o(.text)
    ADC_AutoInjectedConvCmd                  0x0800239d   Thumb Code    22  stm32f10x_adc.o(.text)
    ADC_InjectedDiscModeCmd                  0x080023b3   Thumb Code    22  stm32f10x_adc.o(.text)
    ADC_ExternalTrigInjectedConvConfig       0x080023c9   Thumb Code    16  stm32f10x_adc.o(.text)
    ADC_ExternalTrigInjectedConvCmd          0x080023d9   Thumb Code    22  stm32f10x_adc.o(.text)
    ADC_SoftwareStartInjectedConvCmd         0x080023ef   Thumb Code    22  stm32f10x_adc.o(.text)
    ADC_GetSoftwareStartInjectedConvCmdStatus 0x08002405   Thumb Code    20  stm32f10x_adc.o(.text)
    ADC_InjectedChannelConfig                0x08002419   Thumb Code   130  stm32f10x_adc.o(.text)
    ADC_InjectedSequencerLengthConfig        0x0800249b   Thumb Code    24  stm32f10x_adc.o(.text)
    ADC_SetInjectedOffset                    0x080024b3   Thumb Code    20  stm32f10x_adc.o(.text)
    ADC_GetInjectedConversionValue           0x080024c7   Thumb Code    28  stm32f10x_adc.o(.text)
    ADC_AnalogWatchdogCmd                    0x080024e3   Thumb Code    16  stm32f10x_adc.o(.text)
    ADC_AnalogWatchdogThresholdsConfig       0x080024f3   Thumb Code     6  stm32f10x_adc.o(.text)
    ADC_AnalogWatchdogSingleChannelConfig    0x080024f9   Thumb Code    16  stm32f10x_adc.o(.text)
    ADC_TempSensorVrefintCmd                 0x08002509   Thumb Code    64  stm32f10x_adc.o(.text)
    ADC_GetFlagStatus                        0x08002549   Thumb Code    18  stm32f10x_adc.o(.text)
    ADC_ClearFlag                            0x0800255b   Thumb Code     6  stm32f10x_adc.o(.text)
    ADC_GetITStatus                          0x08002561   Thumb Code    36  stm32f10x_adc.o(.text)
    ADC_ClearITPendingBit                    0x08002585   Thumb Code    10  stm32f10x_adc.o(.text)
    DMA_DeInit                               0x08002591   Thumb Code   324  stm32f10x_dma.o(.text)
    DMA_Init                                 0x080026d5   Thumb Code    60  stm32f10x_dma.o(.text)
    DMA_StructInit                           0x08002711   Thumb Code    26  stm32f10x_dma.o(.text)
    DMA_Cmd                                  0x0800272b   Thumb Code    24  stm32f10x_dma.o(.text)
    DMA_ITConfig                             0x08002743   Thumb Code    18  stm32f10x_dma.o(.text)
    DMA_SetCurrDataCounter                   0x08002755   Thumb Code     4  stm32f10x_dma.o(.text)
    DMA_GetCurrDataCounter                   0x08002759   Thumb Code     8  stm32f10x_dma.o(.text)
    DMA_GetFlagStatus                        0x08002761   Thumb Code    40  stm32f10x_dma.o(.text)
    DMA_ClearFlag                            0x08002789   Thumb Code    22  stm32f10x_dma.o(.text)
    DMA_GetITStatus                          0x0800279f   Thumb Code    40  stm32f10x_dma.o(.text)
    DMA_ClearITPendingBit                    0x080027c7   Thumb Code    22  stm32f10x_dma.o(.text)
    Reset_Handler                            0x080027e5   Thumb Code     8  startup_stm32f10x_hd.o(.text)
    ADC1_2_IRQHandler                        0x080027ff   Thumb Code     0  startup_stm32f10x_hd.o(.text)
    ADC3_IRQHandler                          0x080027ff   Thumb Code     0  startup_stm32f10x_hd.o(.text)
    CAN1_RX1_IRQHandler                      0x080027ff   Thumb Code     0  startup_stm32f10x_hd.o(.text)
    CAN1_SCE_IRQHandler                      0x080027ff   Thumb Code     0  startup_stm32f10x_hd.o(.text)
    DMA1_Channel1_IRQHandler                 0x080027ff   Thumb Code     0  startup_stm32f10x_hd.o(.text)
    DMA1_Channel2_IRQHandler                 0x080027ff   Thumb Code     0  startup_stm32f10x_hd.o(.text)
    DMA1_Channel3_IRQHandler                 0x080027ff   Thumb Code     0  startup_stm32f10x_hd.o(.text)
    DMA1_Channel4_IRQHandler                 0x080027ff   Thumb Code     0  startup_stm32f10x_hd.o(.text)
    DMA1_Channel5_IRQHandler                 0x080027ff   Thumb Code     0  startup_stm32f10x_hd.o(.text)
    DMA1_Channel6_IRQHandler                 0x080027ff   Thumb Code     0  startup_stm32f10x_hd.o(.text)
    DMA1_Channel7_IRQHandler                 0x080027ff   Thumb Code     0  startup_stm32f10x_hd.o(.text)
    DMA2_Channel1_IRQHandler                 0x080027ff   Thumb Code     0  startup_stm32f10x_hd.o(.text)
    DMA2_Channel2_IRQHandler                 0x080027ff   Thumb Code     0  startup_stm32f10x_hd.o(.text)
    DMA2_Channel3_IRQHandler                 0x080027ff   Thumb Code     0  startup_stm32f10x_hd.o(.text)
    DMA2_Channel4_5_IRQHandler               0x080027ff   Thumb Code     0  startup_stm32f10x_hd.o(.text)
    EXTI0_IRQHandler                         0x080027ff   Thumb Code     0  startup_stm32f10x_hd.o(.text)
    EXTI15_10_IRQHandler                     0x080027ff   Thumb Code     0  startup_stm32f10x_hd.o(.text)
    EXTI1_IRQHandler                         0x080027ff   Thumb Code     0  startup_stm32f10x_hd.o(.text)
    EXTI2_IRQHandler                         0x080027ff   Thumb Code     0  startup_stm32f10x_hd.o(.text)
    EXTI3_IRQHandler                         0x080027ff   Thumb Code     0  startup_stm32f10x_hd.o(.text)
    EXTI4_IRQHandler                         0x080027ff   Thumb Code     0  startup_stm32f10x_hd.o(.text)
    EXTI9_5_IRQHandler                       0x080027ff   Thumb Code     0  startup_stm32f10x_hd.o(.text)
    FLASH_IRQHandler                         0x080027ff   Thumb Code     0  startup_stm32f10x_hd.o(.text)
    FSMC_IRQHandler                          0x080027ff   Thumb Code     0  startup_stm32f10x_hd.o(.text)
    I2C1_ER_IRQHandler                       0x080027ff   Thumb Code     0  startup_stm32f10x_hd.o(.text)
    I2C1_EV_IRQHandler                       0x080027ff   Thumb Code     0  startup_stm32f10x_hd.o(.text)
    I2C2_ER_IRQHandler                       0x080027ff   Thumb Code     0  startup_stm32f10x_hd.o(.text)
    I2C2_EV_IRQHandler                       0x080027ff   Thumb Code     0  startup_stm32f10x_hd.o(.text)
    PVD_IRQHandler                           0x080027ff   Thumb Code     0  startup_stm32f10x_hd.o(.text)
    RCC_IRQHandler                           0x080027ff   Thumb Code     0  startup_stm32f10x_hd.o(.text)
    RTCAlarm_IRQHandler                      0x080027ff   Thumb Code     0  startup_stm32f10x_hd.o(.text)
    RTC_IRQHandler                           0x080027ff   Thumb Code     0  startup_stm32f10x_hd.o(.text)
    SDIO_IRQHandler                          0x080027ff   Thumb Code     0  startup_stm32f10x_hd.o(.text)
    SPI1_IRQHandler                          0x080027ff   Thumb Code     0  startup_stm32f10x_hd.o(.text)
    SPI2_IRQHandler                          0x080027ff   Thumb Code     0  startup_stm32f10x_hd.o(.text)
    SPI3_IRQHandler                          0x080027ff   Thumb Code     0  startup_stm32f10x_hd.o(.text)
    TAMPER_IRQHandler                        0x080027ff   Thumb Code     0  startup_stm32f10x_hd.o(.text)
    TIM1_BRK_IRQHandler                      0x080027ff   Thumb Code     0  startup_stm32f10x_hd.o(.text)
    TIM1_CC_IRQHandler                       0x080027ff   Thumb Code     0  startup_stm32f10x_hd.o(.text)
    TIM1_TRG_COM_IRQHandler                  0x080027ff   Thumb Code     0  startup_stm32f10x_hd.o(.text)
    TIM1_UP_IRQHandler                       0x080027ff   Thumb Code     0  startup_stm32f10x_hd.o(.text)
    TIM4_IRQHandler                          0x080027ff   Thumb Code     0  startup_stm32f10x_hd.o(.text)
    TIM5_IRQHandler                          0x080027ff   Thumb Code     0  startup_stm32f10x_hd.o(.text)
    TIM6_IRQHandler                          0x080027ff   Thumb Code     0  startup_stm32f10x_hd.o(.text)
    TIM7_IRQHandler                          0x080027ff   Thumb Code     0  startup_stm32f10x_hd.o(.text)
    TIM8_BRK_IRQHandler                      0x080027ff   Thumb Code     0  startup_stm32f10x_hd.o(.text)
    TIM8_CC_IRQHandler                       0x080027ff   Thumb Code     0  startup_stm32f10x_hd.o(.text)
    TIM8_TRG_COM_IRQHandler                  0x080027ff   Thumb Code     0  startup_stm32f10x_hd.o(.text)
    TIM8_UP_IRQHandler                       0x080027ff   Thumb Code     0  startup_stm32f10x_hd.o(.text)
    UART4_IRQHandler                         0x080027ff   Thumb Code     0  startup_stm32f10x_hd.o(.text)
    UART5_IRQHandler                         0x080027ff   Thumb Code     0  startup_stm32f10x_hd.o(.text)
    USBWakeUp_IRQHandler                     0x080027ff   Thumb Code     0  startup_stm32f10x_hd.o(.text)
    USB_HP_CAN1_TX_IRQHandler                0x080027ff   Thumb Code     0  startup_stm32f10x_hd.o(.text)
    USB_LP_CAN1_RX0_IRQHandler               0x080027ff   Thumb Code     0  startup_stm32f10x_hd.o(.text)
    WWDG_IRQHandler                          0x080027ff   Thumb Code     0  startup_stm32f10x_hd.o(.text)
    __user_initial_stackheap                 0x08002801   Thumb Code     0  startup_stm32f10x_hd.o(.text)
    rewrite_eeprom                           0x08002825   Thumb Code    34  z_main.o(.text)
    loop_monitor                             0x08002847   Thumb Code    48  z_main.o(.text)
    car_set                                  0x08002877   Thumb Code    60  z_main.o(.text)
    loop_ps2_car                             0x080028b3   Thumb Code   292  z_main.o(.text)
    parse_action                             0x080029d7   Thumb Code  1160  z_main.o(.text)
    set_servo                                0x08002e5f   Thumb Code   158  z_main.o(.text)
    kinematics_move                          0x08002efd   Thumb Code   158  z_main.o(.text)
    getMaxTime                               0x08002f9b   Thumb Code    92  z_main.o(.text)
    do_group_once                            0x08002ff7   Thumb Code    70  z_main.o(.text)
    int_exchange                             0x0800303d   Thumb Code    10  z_main.o(.text)
    print_group                              0x08003047   Thumb Code    94  z_main.o(.text)
    soft_reset                               0x080030a5   Thumb Code   140  z_main.o(.text)
    parse_cmd                                0x08003131   Thumb Code  1492  z_main.o(.text)
    parse_psx_buf                            0x08003705   Thumb Code   574  z_main.o(.text)
    loop_ps2_button                          0x08003943   Thumb Code    52  z_main.o(.text)
    loop_ps2_data                            0x08003977   Thumb Code    36  z_main.o(.text)
    loop_action                              0x0800399b   Thumb Code   206  z_main.o(.text)
    replace_char                             0x08003a69   Thumb Code    20  z_main.o(.text)
    get_action_index                         0x08003a7d   Thumb Code    60  z_main.o(.text)
    save_action                              0x08003ab9   Thumb Code   422  z_main.o(.text)
    loop_uart                                0x08003c5f   Thumb Code    94  z_main.o(.text)
    loop_nled                                0x08003cbd   Thumb Code    62  z_main.o(.text)
    setup_interrupt                          0x08003cfb   Thumb Code     4  z_main.o(.text)
    setup_start                              0x08003cff   Thumb Code   136  z_main.o(.text)
    setup_dj_timer                           0x08003d87   Thumb Code    14  z_main.o(.text)
    setup_others                             0x08003d95   Thumb Code   212  z_main.o(.text)
    setup_uart3                              0x08003e69   Thumb Code    38  z_main.o(.text)
    setup_uart1                              0x08003e8f   Thumb Code    30  z_main.o(.text)
    setup_systick                            0x08003ead   Thumb Code     8  z_main.o(.text)
    setup_ps2                                0x08003eb5   Thumb Code     8  z_main.o(.text)
    setup_w25q64                             0x08003ebd   Thumb Code   364  z_main.o(.text)
    setup_djio                               0x08004029   Thumb Code     8  z_main.o(.text)
    setup_beep                               0x08004031   Thumb Code    16  z_main.o(.text)
    setup_nled                               0x08004041   Thumb Code    16  z_main.o(.text)
    setup_gpio                               0x08004051   Thumb Code     8  z_main.o(.text)
    setup_global                             0x08004059   Thumb Code     8  z_main.o(.text)
    setup_rcc                                0x08004061   Thumb Code     8  z_main.o(.text)
    main                                     0x08004069   Thumb Code   122  z_main.o(.text)
    setup_adc                                0x080040e3   Thumb Code     8  z_main.o(.text)
    setup_uart2                              0x080040eb   Thumb Code    30  z_main.o(.text)
    car_move                                 0x08004109   Thumb Code   156  z_main.o(.text)
    tb_delay_init                            0x080041e9   Thumb Code     2  z_delay.o(.text)
    tb_delay                                 0x080041eb   Thumb Code    14  z_delay.o(.text)
    tb_delay_ns                              0x080041f9   Thumb Code    14  z_delay.o(.text)
    tb_delay_us                              0x08004207   Thumb Code    24  z_delay.o(.text)
    tb_delay_ms                              0x0800421f   Thumb Code    26  z_delay.o(.text)
    tb_global_init                           0x08004239   Thumb Code    46  z_global.o(.text)
    str_contain_str                          0x08004267   Thumb Code    74  z_global.o(.text)
    selection_sort                           0x080042b1   Thumb Code    64  z_global.o(.text)
    abs_int                                  0x080042f1   Thumb Code    14  z_global.o(.text)
    tb_gpio_init                             0x08004309   Thumb Code    20  z_gpio.o(.text)
    nled_init                                0x0800431d   Thumb Code    40  z_gpio.o(.text)
    gpioB_pin_set                            0x08004345   Thumb Code    36  z_gpio.o(.text)
    nled_switch                              0x08004369   Thumb Code    38  z_gpio.o(.text)
    beep_init                                0x0800438f   Thumb Code    38  z_gpio.o(.text)
    beep_times                               0x080043b5   Thumb Code    62  z_gpio.o(.text)
    gpioA_pin_set                            0x080043f3   Thumb Code    36  z_gpio.o(.text)
    gpioC_pin_set                            0x08004417   Thumb Code    36  z_gpio.o(.text)
    dj_io_init                               0x0800443b   Thumb Code    68  z_gpio.o(.text)
    dj_io_set                                0x0800447f   Thumb Code    86  z_gpio.o(.text)
    sensor_init                              0x080044d5   Thumb Code    54  z_gpio.o(.text)
    beep_on_times                            0x0800450b   Thumb Code    46  z_gpio.o(.text)
    psx_io_config                            0x0800454d   Thumb Code    70  z_ps2.o(.text)
    PSX_init                                 0x08004593   Thumb Code    38  z_ps2.o(.text)
    psx_transfer                             0x080045b9   Thumb Code   126  z_ps2.o(.text)
    psx_write_read                           0x08004637   Thumb Code    98  z_ps2.o(.text)
    tb_rcc_init                              0x080046a1   Thumb Code    94  z_rcc.o(.text)
    _abs                                     0x08004701   Thumb Code    24  z_timer.o(.text)
    SysTick_Int_Init                         0x08004719   Thumb Code    24  z_timer.o(.text)
    SysTick_Handler                          0x08004731   Thumb Code    20  z_timer.o(.text)
    millis                                   0x08004745   Thumb Code     6  z_timer.o(.text)
    TIM1_Int_Init                            0x0800474b   Thumb Code   104  z_timer.o(.text)
    TIM2_Int_Init                            0x080047b3   Thumb Code   102  z_timer.o(.text)
    TIM3_Int_Init                            0x08004819   Thumb Code    96  z_timer.o(.text)
    TIM3_Pwm_Init                            0x08004879   Thumb Code   146  z_timer.o(.text)
    TIM4_Pwm_Init                            0x0800490b   Thumb Code   148  z_timer.o(.text)
    abs_float                                0x0800499f   Thumb Code    24  z_timer.o(.text)
    duoji_inc_handle                         0x080049b7   Thumb Code   176  z_timer.o(.text)
    TIM2_IRQHandler                          0x08004a67   Thumb Code   148  z_timer.o(.text)
    TIM3_IRQHandler                          0x08004afb   Thumb Code    58  z_timer.o(.text)
    timer1_ir_init                           0x08004b35   Thumb Code   204  z_timer.o(.text)
    tb_usart3_init                           0x08004c09   Thumb Code   160  z_usart.o(.text)
    tb_usart2_init                           0x08004ca9   Thumb Code   162  z_usart.o(.text)
    tb_usart1_init                           0x08004d4b   Thumb Code   196  z_usart.o(.text)
    tb_usart_init                            0x08004e0f   Thumb Code    66  z_usart.o(.text)
    tb_usart1_send_byte                      0x08004e51   Thumb Code    14  z_usart.o(.text)
    tb_usart1_send_nbyte                     0x08004e5f   Thumb Code    44  z_usart.o(.text)
    tb_usart1_send_str                       0x08004e8b   Thumb Code    38  z_usart.o(.text)
    tb_usart2_send_byte                      0x08004eb1   Thumb Code    14  z_usart.o(.text)
    tb_usart2_send_nbyte                     0x08004ebf   Thumb Code    44  z_usart.o(.text)
    tb_usart2_send_str                       0x08004eeb   Thumb Code    38  z_usart.o(.text)
    tb_usart3_send_byte                      0x08004f11   Thumb Code    14  z_usart.o(.text)
    tb_usart3_send_nbyte                     0x08004f1f   Thumb Code    44  z_usart.o(.text)
    tb_usart3_send_str                       0x08004f4b   Thumb Code    38  z_usart.o(.text)
    USART1_IRQHandler                        0x08004f71   Thumb Code   310  z_usart.o(.text)
    USART2_IRQHandler                        0x080050a7   Thumb Code   262  z_usart.o(.text)
    USART3_IRQHandler                        0x080051ad   Thumb Code   276  z_usart.o(.text)
    uart1_send_str                           0x080052c1   Thumb Code    12  z_usart.o(.text)
    uart1_send_nbyte                         0x080052cd   Thumb Code    16  z_usart.o(.text)
    uart1_send_byte                          0x080052dd   Thumb Code    12  z_usart.o(.text)
    uart2_send_str                           0x080052e9   Thumb Code    12  z_usart.o(.text)
    uart2_send_nbyte                         0x080052f5   Thumb Code    16  z_usart.o(.text)
    uart2_send_byte                          0x08005305   Thumb Code    12  z_usart.o(.text)
    zx_uart_send_str                         0x08005311   Thumb Code    30  z_usart.o(.text)
    uart3_send_str                           0x0800532f   Thumb Code    12  z_usart.o(.text)
    uart3_send_nbyte                         0x0800533b   Thumb Code    16  z_usart.o(.text)
    uart3_send_byte                          0x0800534b   Thumb Code    12  z_usart.o(.text)
    SpiWriteRead                             0x08005379   Thumb Code    78  z_w25q64.o(.text)
    spiFlahsOn                               0x080053c7   Thumb Code    82  z_w25q64.o(.text)
    ws_delay_us                              0x08005419   Thumb Code    30  z_w25q64.o(.text)
    SpiSetSpeedHigh                          0x08005437   Thumb Code    24  z_w25q64.o(.text)
    SpiFlashInit                             0x0800544f   Thumb Code   176  z_w25q64.o(.text)
    SpiSetSpeedLow                           0x080054ff   Thumb Code    24  z_w25q64.o(.text)
    SpiFlashReadID                           0x08005517   Thumb Code    72  z_w25q64.o(.text)
    SpiFlashReadSR                           0x0800555f   Thumb Code    44  z_w25q64.o(.text)
    SpiFlashWriteSR                          0x0800558b   Thumb Code    40  z_w25q64.o(.text)
    SpiFlashWriteEnable                      0x080055b3   Thumb Code    32  z_w25q64.o(.text)
    SpiFlashWriteDisable                     0x080055d3   Thumb Code    32  z_w25q64.o(.text)
    SpiFlashReadChar                         0x080055f3   Thumb Code    70  z_w25q64.o(.text)
    SpiFlashRead                             0x08005639   Thumb Code    84  z_w25q64.o(.text)
    SpiFlashWaitBusy                         0x0800568d   Thumb Code    18  z_w25q64.o(.text)
    SpiFlashWritePage                        0x0800569f   Thumb Code   102  z_w25q64.o(.text)
    SpiFlashWriteNoCheck                     0x08005705   Thumb Code    70  z_w25q64.o(.text)
    SpiFlashEraseSector                      0x0800574b   Thumb Code    92  z_w25q64.o(.text)
    SpiFlashWriteS                           0x080057a7   Thumb Code   176  z_w25q64.o(.text)
    SpiFlashWriteSector                      0x08005857   Thumb Code    38  z_w25q64.o(.text)
    SpiFlashWrite                            0x0800587d   Thumb Code   188  z_w25q64.o(.text)
    SpiFlashWriteChar                        0x08005939   Thumb Code    72  z_w25q64.o(.text)
    SpiFlashEraseChip                        0x08005981   Thumb Code    44  z_w25q64.o(.text)
    SpiFlashPowerDown                        0x080059ad   Thumb Code    38  z_w25q64.o(.text)
    SpiFlashWakeUp                           0x080059d3   Thumb Code    38  z_w25q64.o(.text)
    setup_xunji                              0x08005a01   Thumb Code    60  z_sensor.o(.text)
    setup_csb                                0x08005a3d   Thumb Code    66  z_sensor.o(.text)
    setup_sound                              0x08005a7f   Thumb Code    32  z_sensor.o(.text)
    setup_yssb                               0x08005a9f   Thumb Code    10  z_sensor.o(.text)
    setup_sensor                             0x08005aa9   Thumb Code    20  z_sensor.o(.text)
    tracking_smooth_speed                    0x08005abd   Thumb Code    32  z_sensor.o(.text)
    tracking_calc_speed                      0x08005add   Thumb Code    90  z_sensor.o(.text)
    tracking_pid_calc                        0x08005b37   Thumb Code   314  z_sensor.o(.text)
    tracking_get_position                    0x08005c71   Thumb Code    24  z_sensor.o(.text)
    tracking_recover_lost                    0x08005c89   Thumb Code   276  z_sensor.o(.text)
    tracking_handle_mark                     0x08005d9d   Thumb Code    52  z_sensor.o(.text)
    tracking_detect_mark                     0x08005dd1   Thumb Code   208  z_sensor.o(.text)
    AI_xunji_moshi                           0x08005ea1   Thumb Code   370  z_sensor.o(.text)
    AI_shengkong_xunji                       0x08006013   Thumb Code    54  z_sensor.o(.text)
    csb_Delay_Us                             0x08006049   Thumb Code    26  z_sensor.o(.text)
    get_csb_value                            0x08006063   Thumb Code   128  z_sensor.o(.text)
    get_adc_csb_middle                       0x080060e3   Thumb Code    52  z_sensor.o(.text)
    AI_dingju_jiaqu                          0x08006117   Thumb Code    74  z_sensor.o(.text)
    AI_xunji_dingju                          0x08006161   Thumb Code    38  z_sensor.o(.text)
    AI_yanse_shibie                          0x08006187   Thumb Code   352  z_sensor.o(.text)
    AI_xunji_shibie                          0x080062e7   Thumb Code    38  z_sensor.o(.text)
    AI_xunji_bizhang                         0x0800630d   Thumb Code    82  z_sensor.o(.text)
    AI_gensui_moshi                          0x0800635f   Thumb Code    74  z_sensor.o(.text)
    AI_ziyou_bizhang                         0x080063a9   Thumb Code   108  z_sensor.o(.text)
    AI_shengkong_jiaqu                       0x08006415   Thumb Code    92  z_sensor.o(.text)
    loop_sensor                              0x08006471   Thumb Code   412  z_sensor.o(.text)
    get_adc_yssb_middle                      0x0800660d   Thumb Code    78  z_sensor.o(.text)
    test_tracking_position_table             0x0800665b   Thumb Code   434  z_sensor.o(.text)
    test_pid_controller                      0x0800680d   Thumb Code   168  z_sensor.o(.text)
    test_speed_mapping                       0x080068b5   Thumb Code    92  z_sensor.o(.text)
    test_speed_smoothing                     0x08006911   Thumb Code    86  z_sensor.o(.text)
    run_all_tests                            0x08006967   Thumb Code    56  z_sensor.o(.text)
    ADC1_Configuration                       0x08006b59   Thumb Code   132  z_adc.o(.text)
    DMA_Configuration                        0x08006bdd   Thumb Code    76  z_adc.o(.text)
    ADC1_GPIO_Configuration                  0x08006c29   Thumb Code    42  z_adc.o(.text)
    ADC_init                                 0x08006c53   Thumb Code    16  z_adc.o(.text)
    delay_s                                  0x08006c75   Thumb Code    12  z_color.o(.text)
    TCS34725_I2C_Init                        0x08006c81   Thumb Code    38  z_color.o(.text)
    TCS34725_I2C_Start                       0x08006ca7   Thumb Code    70  z_color.o(.text)
    TCS34725_I2C_Stop                        0x08006ced   Thumb Code    70  z_color.o(.text)
    TCS34725_I2C_Wait_ACK                    0x08006d33   Thumb Code    96  z_color.o(.text)
    TCS34725_I2C_ACK                         0x08006d93   Thumb Code    70  z_color.o(.text)
    TCS34725_I2C_NACK                        0x08006dd9   Thumb Code    70  z_color.o(.text)
    TCS34725_I2C_Send_Byte                   0x08006e1f   Thumb Code   112  z_color.o(.text)
    TCS34725_I2C_Read_Byte                   0x08006e8f   Thumb Code   104  z_color.o(.text)
    TCS34725_I2C_Write                       0x08006ef7   Thumb Code    70  z_color.o(.text)
    TCS34725_I2C_Read                        0x08006f3d   Thumb Code    84  z_color.o(.text)
    TCS34725_Write                           0x08006f91   Thumb Code    62  z_color.o(.text)
    TCS34725_Read                            0x08006fcf   Thumb Code    42  z_color.o(.text)
    TCS34725_SetIntegrationTime              0x08006ff9   Thumb Code    14  z_color.o(.text)
    TCS34725_SetGain                         0x08007007   Thumb Code    14  z_color.o(.text)
    TCS34725_Enable                          0x08007015   Thumb Code    32  z_color.o(.text)
    TCS34725_Disable                         0x08007035   Thumb Code    36  z_color.o(.text)
    TCS34725_LedON                           0x08007059   Thumb Code    58  z_color.o(.text)
    TCS34725_Init                            0x08007093   Thumb Code    54  z_color.o(.text)
    TCS34725_GetChannelData                  0x080070c9   Thumb Code    34  z_color.o(.text)
    TCS34725_GetRawData                      0x080070eb   Thumb Code    68  z_color.o(.text)
    TCS34725_GetR                            0x0800712f   Thumb Code    38  z_color.o(.text)
    TCS34725_GetG                            0x08007155   Thumb Code    38  z_color.o(.text)
    TCS34725_GetB                            0x0800717b   Thumb Code    38  z_color.o(.text)
    TCS34725_GetC                            0x080071a1   Thumb Code    38  z_color.o(.text)
    RGBtoHSL                                 0x080071c7   Thumb Code   350  z_color.o(.text)
    setup_kinematics                         0x08007325   Thumb Code    58  z_kinematics.o(.text)
    kinematics_analysis                      0x0800735f   Thumb Code  1502  z_kinematics.o(.text)
    sorting_load_stations                    0x0800796d   Thumb Code    66  z_sorting.o(.text)
    sorting_init                             0x080079af   Thumb Code    68  z_sorting.o(.text)
    sorting_color_calibrate                  0x080079f3   Thumb Code   170  z_sorting.o(.text)
    sorting_record_process_time              0x08007a9d   Thumb Code    80  z_sorting.o(.text)
    sorting_send_stats                       0x08007aed   Thumb Code   186  z_sorting.o(.text)
    sorting_alarm                            0x08007ba7   Thumb Code    30  z_sorting.o(.text)
    sorting_update_stats                     0x08007bc5   Thumb Code    72  z_sorting.o(.text)
    sorting_state_error                      0x08007c0d   Thumb Code   136  z_sorting.o(.text)
    sorting_arm_move_to                      0x08007c95   Thumb Code    66  z_sorting.o(.text)
    sorting_arm_return_home                  0x08007cd7   Thumb Code    24  z_sorting.o(.text)
    sorting_state_return_home                0x08007cef   Thumb Code    26  z_sorting.o(.text)
    sorting_state_verify_place               0x08007d09   Thumb Code    40  z_sorting.o(.text)
    sorting_color_to_str                     0x08007d31   Thumb Code   740  z_sorting.o(.text)
    sorting_log_error                        0x08008015   Thumb Code    42  z_sorting.o(.text)
    sorting_arm_place                        0x0800803f   Thumb Code   120  z_sorting.o(.text)
    sorting_state_place                      0x080080b7   Thumb Code    52  z_sorting.o(.text)
    sorting_state_move_to_station            0x080080eb   Thumb Code    72  z_sorting.o(.text)
    sorting_verify_grab_by_distance          0x08008133   Thumb Code    30  z_sorting.o(.text)
    sorting_state_verify_grab                0x08008151   Thumb Code    98  z_sorting.o(.text)
    sorting_arm_grab                         0x080081b3   Thumb Code    76  z_sorting.o(.text)
    sorting_state_grab                       0x080081ff   Thumb Code    48  z_sorting.o(.text)
    sorting_arm_approach                     0x0800822f   Thumb Code    42  z_sorting.o(.text)
    sorting_state_approach                   0x08008259   Thumb Code    64  z_sorting.o(.text)
    sorting_is_color_match                   0x08008299   Thumb Code    24  z_sorting.o(.text)
    sorting_apply_white_balance              0x080082b1   Thumb Code   128  z_sorting.o(.text)
    sorting_detect_color                     0x08008331   Thumb Code   630  z_sorting.o(.text)
    sorting_state_verify_color               0x080085a7   Thumb Code   322  z_sorting.o(.text)
    sorting_verify_color_confidence          0x080086e9   Thumb Code   178  z_sorting.o(.text)
    sorting_state_detect_color               0x0800879b   Thumb Code    82  z_sorting.o(.text)
    sorting_state_move_to_target             0x080087ed   Thumb Code   136  z_sorting.o(.text)
    sorting_state_idle                       0x08008875   Thumb Code     2  z_sorting.o(.text)
    sorting_task                             0x08008877   Thumb Code   290  z_sorting.o(.text)
    sorting_start                            0x08008999   Thumb Code    82  z_sorting.o(.text)
    sorting_stop                             0x080089eb   Thumb Code    24  z_sorting.o(.text)
    sorting_detect_color_advanced            0x08008a03   Thumb Code   334  z_sorting.o(.text)
    sorting_verify_distance                  0x08008b51   Thumb Code    40  z_sorting.o(.text)
    sorting_is_busy                          0x08008b79   Thumb Code     6  z_sorting.o(.text)
    sorting_get_state                        0x08008b7f   Thumb Code     6  z_sorting.o(.text)
    sorting_test_color_accuracy              0x08008b85   Thumb Code   262  z_sorting.o(.text)
    sorting_test_arm_precision               0x08008c8b   Thumb Code   110  z_sorting.o(.text)
    sorting_run_self_test                    0x08008cf9   Thumb Code  1050  z_sorting.o(.text)
    __2sprintf                               0x08009165   Thumb Code    34  noretval__2sprintf.o(.text)
    _printf_pre_padding                      0x0800918d   Thumb Code    44  _printf_pad.o(.text)
    _printf_post_padding                     0x080091b9   Thumb Code    34  _printf_pad.o(.text)
    _printf_str                              0x080091db   Thumb Code    82  _printf_str.o(.text)
    _printf_int_dec                          0x0800922d   Thumb Code   104  _printf_dec.o(.text)
    __printf                                 0x080092a5   Thumb Code   308  __printf_flags_wp.o(.text)
    __0sscanf                                0x080093dd   Thumb Code    52  __0sscanf.o(.text)
    _scanf_int                               0x08009419   Thumb Code   332  _scanf_int.o(.text)
    strcpy                                   0x08009565   Thumb Code    72  strcpy.o(.text)
    strlen                                   0x080095ad   Thumb Code    62  strlen.o(.text)
    __aeabi_memcpy                           0x080095eb   Thumb Code     0  rt_memcpy_v6.o(.text)
    __rt_memcpy                              0x080095eb   Thumb Code   138  rt_memcpy_v6.o(.text)
    _memcpy_lastbytes                        0x08009651   Thumb Code     0  rt_memcpy_v6.o(.text)
    __aeabi_memcpy4                          0x08009675   Thumb Code     0  rt_memcpy_w.o(.text)
    __aeabi_memcpy8                          0x08009675   Thumb Code     0  rt_memcpy_w.o(.text)
    __rt_memcpy_w                            0x08009675   Thumb Code   100  rt_memcpy_w.o(.text)
    _memcpy_lastbytes_aligned                0x080096bd   Thumb Code     0  rt_memcpy_w.o(.text)
    __aeabi_memclr                           0x080096d9   Thumb Code     0  rt_memclr.o(.text)
    __rt_memclr                              0x080096d9   Thumb Code    68  rt_memclr.o(.text)
    _memset                                  0x080096dd   Thumb Code     0  rt_memclr.o(.text)
    __aeabi_memclr4                          0x0800971d   Thumb Code     0  rt_memclr_w.o(.text)
    __aeabi_memclr8                          0x0800971d   Thumb Code     0  rt_memclr_w.o(.text)
    __rt_memclr_w                            0x0800971d   Thumb Code    78  rt_memclr_w.o(.text)
    _memset_w                                0x08009721   Thumb Code     0  rt_memclr_w.o(.text)
    __use_two_region_memory                  0x0800976b   Thumb Code     2  heapauxi.o(.text)
    __rt_heap_escrow$2region                 0x0800976d   Thumb Code     2  heapauxi.o(.text)
    __rt_heap_expand$2region                 0x0800976f   Thumb Code     2  heapauxi.o(.text)
    __read_errno                             0x08009771   Thumb Code    10  _rserrno.o(.text)
    __set_errno                              0x0800977b   Thumb Code    12  _rserrno.o(.text)
    _printf_int_common                       0x08009787   Thumb Code   178  _printf_intcommon.o(.text)
    __lib_sel_fp_printf                      0x08009839   Thumb Code     2  _printf_fp_dec.o(.text)
    _printf_fp_dec_real                      0x080099eb   Thumb Code   620  _printf_fp_dec.o(.text)
    _printf_char_common                      0x08009c63   Thumb Code    32  _printf_char_common.o(.text)
    _sputc                                   0x08009c89   Thumb Code    10  _sputc.o(.text)
    _printf_cs_common                        0x08009c93   Thumb Code    20  _printf_char.o(.text)
    _printf_char                             0x08009ca7   Thumb Code    16  _printf_char.o(.text)
    _printf_string                           0x08009cb7   Thumb Code     8  _printf_char.o(.text)
    _chval                                   0x08009cbf   Thumb Code    28  _chval.o(.text)
    __vfscanf_char                           0x08009ce9   Thumb Code    24  scanf_char.o(.text)
    _sgetc                                   0x08009d09   Thumb Code    30  _sgetc.o(.text)
    _sbackspace                              0x08009d27   Thumb Code    34  _sgetc.o(.text)
    __rt_locale                              0x08009d49   Thumb Code     8  rt_locale_intlibspace.o(.text)
    __aeabi_errno_addr                       0x08009d51   Thumb Code     8  rt_errno_addr_intlibspace.o(.text)
    __errno$intlibspace                      0x08009d51   Thumb Code     0  rt_errno_addr_intlibspace.o(.text)
    __rt_errno_addr$intlibspace              0x08009d51   Thumb Code     0  rt_errno_addr_intlibspace.o(.text)
    _ll_udiv10                               0x08009d59   Thumb Code   138  lludiv10.o(.text)
    isspace                                  0x08009de3   Thumb Code    18  isspace.o(.text)
    _printf_fp_infnan                        0x08009df5   Thumb Code   112  _printf_fp_infnan.o(.text)
    __vfscanf                                0x08009e75   Thumb Code   880  _scanf.o(.text)
    _btod_etento                             0x0800a1e9   Thumb Code   224  bigflt0.o(.text)
    __user_libspace                          0x0800a2cd   Thumb Code     8  libspace.o(.text)
    __user_perproc_libspace                  0x0800a2cd   Thumb Code     0  libspace.o(.text)
    __user_perthread_libspace                0x0800a2cd   Thumb Code     0  libspace.o(.text)
    __user_setup_stackheap                   0x0800a2d5   Thumb Code    74  sys_stackheap_outer.o(.text)
    __rt_ctype_table                         0x0800a321   Thumb Code    16  rt_ctype_table.o(.text)
    exit                                     0x0800a331   Thumb Code    18  exit.o(.text)
    strcmp                                   0x0800a345   Thumb Code   128  strcmpv7m.o(.text)
    _sys_exit                                0x0800a3c5   Thumb Code     8  sys_exit.o(.text)
    __I$use$semihosting                      0x0800a3d1   Thumb Code     0  use_no_semi.o(.text)
    __use_no_semihosting_swi                 0x0800a3d1   Thumb Code     2  use_no_semi.o(.text)
    __semihosting_library_function           0x0800a3d3   Thumb Code     0  indicate_semi.o(.text)
    _btod_d2e                                0x0800a3d3   Thumb Code    62  btod.o(CL$$btod_d2e)
    _d2e_denorm_low                          0x0800a411   Thumb Code    70  btod.o(CL$$btod_d2e_denorm_low)
    _d2e_norm_op1                            0x0800a457   Thumb Code    96  btod.o(CL$$btod_d2e_norm_op1)
    __btod_div_common                        0x0800a4b7   Thumb Code   696  btod.o(CL$$btod_div_common)
    _e2e                                     0x0800a7ef   Thumb Code   220  btod.o(CL$$btod_e2e)
    _btod_ediv                               0x0800a8cb   Thumb Code    42  btod.o(CL$$btod_ediv)
    _btod_emul                               0x0800a8f5   Thumb Code    42  btod.o(CL$$btod_emul)
    __btod_mult_common                       0x0800a91f   Thumb Code   580  btod.o(CL$$btod_mult_common)
    __ARM_fpclassify                         0x0800ab63   Thumb Code    40  fpclassify.o(i.__ARM_fpclassify)
    __ieee754_rem_pio2                       0x0800ab8d   Thumb Code   828  rred.o(i.__ieee754_rem_pio2)
    __kernel_cos                             0x0800af15   Thumb Code   230  cos_i.o(i.__kernel_cos)
    __kernel_poly                            0x0800b011   Thumb Code   170  poly.o(i.__kernel_poly)
    __kernel_sin                             0x0800b0bd   Thumb Code   224  sin_i.o(i.__kernel_sin)
    __mathlib_dbl_infnan                     0x0800b1a9   Thumb Code     6  dunder.o(i.__mathlib_dbl_infnan)
    __mathlib_dbl_invalid                    0x0800b1af   Thumb Code    12  dunder.o(i.__mathlib_dbl_invalid)
    __mathlib_dbl_underflow                  0x0800b1bd   Thumb Code    10  dunder.o(i.__mathlib_dbl_underflow)
    _is_digit                                0x0800b1cd   Thumb Code    14  __printf_wp.o(i._is_digit)
    acos                                     0x0800b1dd   Thumb Code   574  acos.o(i.acos)
    atan                                     0x0800b459   Thumb Code   474  atan.o(i.atan)
    cos                                      0x0800b679   Thumb Code   148  cos.o(i.cos)
    sin                                      0x0800b715   Thumb Code   150  sin.o(i.sin)
    sqrt                                     0x0800b7b5   Thumb Code    76  sqrt.o(i.sqrt)
    _get_lc_numeric                          0x0800b801   Thumb Code    44  lc_numeric_c.o(locale$$code)
    _get_lc_ctype                            0x0800b82d   Thumb Code    44  lc_ctype_c.o(locale$$code)
    __aeabi_d2f                              0x0800b859   Thumb Code     0  d2f.o(x$fpl$d2f)
    _d2f                                     0x0800b859   Thumb Code    98  d2f.o(x$fpl$d2f)
    __aeabi_dadd                             0x0800b8bd   Thumb Code     0  daddsub_clz.o(x$fpl$dadd)
    _dadd                                    0x0800b8bd   Thumb Code   332  daddsub_clz.o(x$fpl$dadd)
    __fpl_dcheck_NaN1                        0x0800ba0d   Thumb Code    10  dcheck1.o(x$fpl$dcheck1)
    __fpl_dcmp_Inf                           0x0800ba1d   Thumb Code    24  dcmpi.o(x$fpl$dcmpinf)
    __aeabi_ddiv                             0x0800ba35   Thumb Code     0  ddiv.o(x$fpl$ddiv)
    _ddiv                                    0x0800ba35   Thumb Code   552  ddiv.o(x$fpl$ddiv)
    __aeabi_d2iz                             0x0800bce5   Thumb Code     0  dfix.o(x$fpl$dfix)
    _dfix                                    0x0800bce5   Thumb Code    94  dfix.o(x$fpl$dfix)
    __aeabi_d2uiz                            0x0800bd45   Thumb Code     0  dfixu.o(x$fpl$dfixu)
    _dfixu                                   0x0800bd45   Thumb Code    90  dfixu.o(x$fpl$dfixu)
    __aeabi_i2d                              0x0800bd9f   Thumb Code     0  dflt_clz.o(x$fpl$dflt)
    _dflt                                    0x0800bd9f   Thumb Code    46  dflt_clz.o(x$fpl$dflt)
    __aeabi_ui2d                             0x0800bdcd   Thumb Code     0  dflt_clz.o(x$fpl$dfltu)
    _dfltu                                   0x0800bdcd   Thumb Code    38  dflt_clz.o(x$fpl$dfltu)
    __aeabi_cdcmple                          0x0800bdf5   Thumb Code     0  dleqf.o(x$fpl$dleqf)
    _dcmple                                  0x0800bdf5   Thumb Code   120  dleqf.o(x$fpl$dleqf)
    __fpl_dcmple_InfNaN                      0x0800be57   Thumb Code     0  dleqf.o(x$fpl$dleqf)
    __aeabi_dmul                             0x0800be6d   Thumb Code     0  dmul.o(x$fpl$dmul)
    _dmul                                    0x0800be6d   Thumb Code   332  dmul.o(x$fpl$dmul)
    __fpl_dnaninf                            0x0800bfc1   Thumb Code   156  dnaninf.o(x$fpl$dnaninf)
    __fpl_dretinf                            0x0800c05d   Thumb Code    12  dretinf.o(x$fpl$dretinf)
    __aeabi_cdrcmple                         0x0800c069   Thumb Code     0  drleqf.o(x$fpl$drleqf)
    _drcmple                                 0x0800c069   Thumb Code   108  drleqf.o(x$fpl$drleqf)
    __aeabi_drsub                            0x0800c0d5   Thumb Code     0  daddsub_clz.o(x$fpl$drsb)
    _drsb                                    0x0800c0d5   Thumb Code    22  daddsub_clz.o(x$fpl$drsb)
    _dsqrt                                   0x0800c0ed   Thumb Code   456  dsqrt_noumaal.o(x$fpl$dsqrt)
    __aeabi_dsub                             0x0800c2b9   Thumb Code     0  daddsub_clz.o(x$fpl$dsub)
    _dsub                                    0x0800c2b9   Thumb Code   464  daddsub_clz.o(x$fpl$dsub)
    __aeabi_f2d                              0x0800c48d   Thumb Code     0  f2d.o(x$fpl$f2d)
    _f2d                                     0x0800c48d   Thumb Code    86  f2d.o(x$fpl$f2d)
    __aeabi_fadd                             0x0800c4e5   Thumb Code     0  faddsub_clz.o(x$fpl$fadd)
    _fadd                                    0x0800c4e5   Thumb Code   196  faddsub_clz.o(x$fpl$fadd)
    __fpl_fcmp_Inf                           0x0800c5a9   Thumb Code    24  fcmpi.o(x$fpl$fcmpinf)
    __aeabi_fdiv                             0x0800c5c1   Thumb Code     0  fdiv.o(x$fpl$fdiv)
    _fdiv                                    0x0800c5c1   Thumb Code   384  fdiv.o(x$fpl$fdiv)
    __aeabi_cfcmpeq                          0x0800c745   Thumb Code     0  feqf.o(x$fpl$feqf)
    _fcmpeq                                  0x0800c745   Thumb Code   104  feqf.o(x$fpl$feqf)
    __aeabi_f2iz                             0x0800c7ad   Thumb Code     0  ffix.o(x$fpl$ffix)
    _ffix                                    0x0800c7ad   Thumb Code    54  ffix.o(x$fpl$ffix)
    __aeabi_f2uiz                            0x0800c7e5   Thumb Code     0  ffixu.o(x$fpl$ffixu)
    _ffixu                                   0x0800c7e5   Thumb Code    62  ffixu.o(x$fpl$ffixu)
    __aeabi_i2f                              0x0800c825   Thumb Code     0  fflt_clz.o(x$fpl$fflt)
    _fflt                                    0x0800c825   Thumb Code    48  fflt_clz.o(x$fpl$fflt)
    __aeabi_ui2f                             0x0800c855   Thumb Code     0  fflt_clz.o(x$fpl$ffltu)
    _ffltu                                   0x0800c855   Thumb Code    38  fflt_clz.o(x$fpl$ffltu)
    __aeabi_cfcmple                          0x0800c87d   Thumb Code     0  fleqf.o(x$fpl$fleqf)
    _fcmple                                  0x0800c87d   Thumb Code   104  fleqf.o(x$fpl$fleqf)
    __fpl_fcmple_InfNaN                      0x0800c8cf   Thumb Code     0  fleqf.o(x$fpl$fleqf)
    __aeabi_fmul                             0x0800c8e5   Thumb Code     0  fmul.o(x$fpl$fmul)
    _fmul                                    0x0800c8e5   Thumb Code   258  fmul.o(x$fpl$fmul)
    __fpl_fnaninf                            0x0800c9e7   Thumb Code   140  fnaninf.o(x$fpl$fnaninf)
    __fpl_fretinf                            0x0800ca73   Thumb Code    10  fretinf.o(x$fpl$fretinf)
    __aeabi_cfrcmple                         0x0800ca7d   Thumb Code     0  frleqf.o(x$fpl$frleqf)
    _frcmple                                 0x0800ca7d   Thumb Code    98  frleqf.o(x$fpl$frleqf)
    __aeabi_frsub                            0x0800cadf   Thumb Code     0  faddsub_clz.o(x$fpl$frsb)
    _frsb                                    0x0800cadf   Thumb Code    20  faddsub_clz.o(x$fpl$frsb)
    __aeabi_fsub                             0x0800caf5   Thumb Code     0  faddsub_clz.o(x$fpl$fsub)
    _fsub                                    0x0800caf5   Thumb Code   234  faddsub_clz.o(x$fpl$fsub)
    _printf_fp_dec                           0x0800cbdf   Thumb Code     4  printf1.o(x$fpl$printf1)
    __fpl_return_NaN                         0x0800cbe3   Thumb Code   100  retnan.o(x$fpl$retnan)
    __ARM_scalbn                             0x0800cc47   Thumb Code    92  scalbn.o(x$fpl$scalbn)
    __fpl_cmpreturn                          0x0800cca3   Thumb Code    48  trapv.o(x$fpl$trapveneer)
    __I$use$fp                               0x0800ccd2   Number         0  usenofp.o(x$fpl$usenofp)
    Region$$Table$$Base                      0x0800d498   Number         0  anon$$obj.o(Region$$Table)
    Region$$Table$$Limit                     0x0800d4b8   Number         0  anon$$obj.o(Region$$Table)
    __ctype                                  0x0800d4e1   Data           0  lc_ctype_c.o(locale$$data)
    SystemCoreClock                          0x20000000   Data           4  system_stm32f10x.o(.data)
    AHBPrescTable                            0x20000004   Data          16  system_stm32f10x.o(.data)
    i                                        0x20000028   Data           4  z_main.o(.data)
    do_start_index                           0x2000002c   Data           4  z_main.o(.data)
    do_time                                  0x20000030   Data           4  z_main.o(.data)
    group_num_start                          0x20000034   Data           4  z_main.o(.data)
    group_num_end                            0x20000038   Data           4  z_main.o(.data)
    group_num_times                          0x2000003c   Data           4  z_main.o(.data)
    needSaveFlag                             0x20000040   Data           1  z_main.o(.data)
    bias_systick_ms_bak                      0x20000044   Data           4  z_main.o(.data)
    action_time                              0x20000048   Data           4  z_main.o(.data)
    pre_cmd_set_red                          0x2000004c   Data          64  z_main.o(.data)
    pre_cmd_set_grn                          0x2000008c   Data          64  z_main.o(.data)
    ret                                      0x200000cc   Data           4  z_main.o(.data)
    uart1_get_ok                             0x20000122   Data           1  z_global.o(.data)
    uart1_mode                               0x20000123   Data           1  z_global.o(.data)
    AI_mode                                  0x20000124   Data           1  z_global.o(.data)
    group_do_ok                              0x20000125   Data           1  z_global.o(.data)
    systick_ms                               0x20000128   Data           4  z_timer.o(.data)
    ir_start                                 0x2000012c   Data           1  z_timer.o(.data)
    ir_start_flag                            0x2000012d   Data           1  z_timer.o(.data)
    ir_repeat                                0x2000012e   Data           1  z_timer.o(.data)
    ir_repeat_flag                           0x2000012f   Data           1  z_timer.o(.data)
    ir_end_flag                              0x20000130   Data           1  z_timer.o(.data)
    ir_time_flag                             0x20000131   Data           1  z_timer.o(.data)
    ir_data_count                            0x20000132   Data           1  z_timer.o(.data)
    GPIO_InitStructure                       0x2000013c   Data           4  z_w25q64.o(.data)
    color_red_base                           0x20000144   Data           4  z_sensor.o(.data)
    color_grn_base                           0x20000148   Data           4  z_sensor.o(.data)
    color_blu_base                           0x2000014c   Data           4  z_sensor.o(.data)
    flagSoundStart                           0x20000150   Data           1  z_sensor.o(.data)
    color_rgbc                               0x20000152   Data           8  z_sensor.o(.data)
    color_hsl                                0x2000015a   Data           4  z_sensor.o(.data)
    is_tracking_updated                      0x2000015e   Data           1  z_sensor.o(.data)
    ADC_ConvertedValue                       0x200001b4   Data           2  z_adc.o(.data)
    psx_buf                                  0x200001d4   Data           9  z_main.o(.bss)
    kinematics                               0x200001e0   Data          88  z_main.o(.bss)
    duoji_doing                              0x20000238   Data         128  z_global.o(.bss)
    cmd_return                               0x200002b8   Data        1024  z_global.o(.bss)
    uart_receive_buf                         0x200006b8   Data        1024  z_global.o(.bss)
    eeprom_info                              0x20000ab8   Data         192  z_global.o(.bss)
    SPI_InitStructure                        0x20000b78   Data          18  z_w25q64.o(.bss)
    W25Q_BUF                                 0x20000b8a   Data        4096  z_w25q64.o(.bss)
    __libspace_start                         0x20001c14   Data          96  libspace.o(.bss)
    __temporary_stack_top$libspace           0x20001c74   Data           0  libspace.o(.bss)



==============================================================================

Memory Map of the image

  Image Entry point : 0x08000131

  Load Region LR_IROM1 (Base: 0x08000000, Size: 0x0000d7b8, Max: 0x00010000, ABSOLUTE, COMPRESSED[0x0000d67c])

    Execution Region ER_IROM1 (Exec base: 0x08000000, Load base: 0x08000000, Size: 0x0000d5e4, Max: 0x00010000, ABSOLUTE)

    Exec Addr    Load Addr    Size         Type   Attr      Idx    E Section Name        Object

    0x08000000   0x08000000   0x00000130   Data   RO          228    RESET               startup_stm32f10x_hd.o
    0x08000130   0x08000130   0x00000008   Code   RO          556  * !!!main             c_w.l(__main.o)
    0x08000138   0x08000138   0x00000034   Code   RO          960    !!!scatter          c_w.l(__scatter.o)
    0x0800016c   0x0800016c   0x0000005a   Code   RO          958    !!dczerorl2         c_w.l(__dczerorl2.o)
    0x080001c6   0x080001c6   0x00000002   PAD
    0x080001c8   0x080001c8   0x0000001c   Code   RO          962    !!handler_zi        c_w.l(__scatter_zi.o)
    0x080001e4   0x080001e4   0x00000000   Code   RO          537    .ARM.Collect$$_printf_percent$$00000000  c_w.l(_printf_percent.o)
    0x080001e4   0x080001e4   0x00000006   Code   RO          536    .ARM.Collect$$_printf_percent$$00000003  c_w.l(_printf_f.o)
    0x080001ea   0x080001ea   0x00000006   Code   RO          535    .ARM.Collect$$_printf_percent$$00000009  c_w.l(_printf_d.o)
    0x080001f0   0x080001f0   0x00000006   Code   RO          534    .ARM.Collect$$_printf_percent$$00000014  c_w.l(_printf_s.o)
    0x080001f6   0x080001f6   0x00000004   Code   RO          683    .ARM.Collect$$_printf_percent$$00000017  c_w.l(_printf_percent_end.o)
    0x080001fa   0x080001fa   0x00000002   Code   RO          822    .ARM.Collect$$libinit$$00000000  c_w.l(libinit.o)
    0x080001fc   0x080001fc   0x00000000   Code   RO          824    .ARM.Collect$$libinit$$00000002  c_w.l(libinit2.o)
    0x080001fc   0x080001fc   0x00000000   Code   RO          826    .ARM.Collect$$libinit$$00000004  c_w.l(libinit2.o)
    0x080001fc   0x080001fc   0x00000000   Code   RO          829    .ARM.Collect$$libinit$$0000000A  c_w.l(libinit2.o)
    0x080001fc   0x080001fc   0x00000000   Code   RO          831    .ARM.Collect$$libinit$$0000000C  c_w.l(libinit2.o)
    0x080001fc   0x080001fc   0x00000000   Code   RO          833    .ARM.Collect$$libinit$$0000000E  c_w.l(libinit2.o)
    0x080001fc   0x080001fc   0x00000006   Code   RO          834    .ARM.Collect$$libinit$$0000000F  c_w.l(libinit2.o)
    0x08000202   0x08000202   0x00000000   Code   RO          836    .ARM.Collect$$libinit$$00000011  c_w.l(libinit2.o)
    0x08000202   0x08000202   0x0000000c   Code   RO          837    .ARM.Collect$$libinit$$00000012  c_w.l(libinit2.o)
    0x0800020e   0x0800020e   0x00000000   Code   RO          838    .ARM.Collect$$libinit$$00000013  c_w.l(libinit2.o)
    0x0800020e   0x0800020e   0x00000000   Code   RO          840    .ARM.Collect$$libinit$$00000015  c_w.l(libinit2.o)
    0x0800020e   0x0800020e   0x0000000a   Code   RO          841    .ARM.Collect$$libinit$$00000016  c_w.l(libinit2.o)
    0x08000218   0x08000218   0x00000000   Code   RO          842    .ARM.Collect$$libinit$$00000017  c_w.l(libinit2.o)
    0x08000218   0x08000218   0x00000000   Code   RO          844    .ARM.Collect$$libinit$$00000019  c_w.l(libinit2.o)
    0x08000218   0x08000218   0x00000000   Code   RO          846    .ARM.Collect$$libinit$$0000001B  c_w.l(libinit2.o)
    0x08000218   0x08000218   0x00000000   Code   RO          848    .ARM.Collect$$libinit$$0000001D  c_w.l(libinit2.o)
    0x08000218   0x08000218   0x00000000   Code   RO          850    .ARM.Collect$$libinit$$0000001F  c_w.l(libinit2.o)
    0x08000218   0x08000218   0x00000000   Code   RO          852    .ARM.Collect$$libinit$$00000021  c_w.l(libinit2.o)
    0x08000218   0x08000218   0x00000000   Code   RO          854    .ARM.Collect$$libinit$$00000023  c_w.l(libinit2.o)
    0x08000218   0x08000218   0x00000000   Code   RO          856    .ARM.Collect$$libinit$$00000025  c_w.l(libinit2.o)
    0x08000218   0x08000218   0x00000000   Code   RO          860    .ARM.Collect$$libinit$$0000002C  c_w.l(libinit2.o)
    0x08000218   0x08000218   0x00000000   Code   RO          862    .ARM.Collect$$libinit$$0000002E  c_w.l(libinit2.o)
    0x08000218   0x08000218   0x00000000   Code   RO          864    .ARM.Collect$$libinit$$00000030  c_w.l(libinit2.o)
    0x08000218   0x08000218   0x00000000   Code   RO          866    .ARM.Collect$$libinit$$00000032  c_w.l(libinit2.o)
    0x08000218   0x08000218   0x00000002   Code   RO          867    .ARM.Collect$$libinit$$00000033  c_w.l(libinit2.o)
    0x0800021a   0x0800021a   0x00000002   Code   RO          904    .ARM.Collect$$libshutdown$$00000000  c_w.l(libshutdown.o)
    0x0800021c   0x0800021c   0x00000000   Code   RO          915    .ARM.Collect$$libshutdown$$00000002  c_w.l(libshutdown2.o)
    0x0800021c   0x0800021c   0x00000000   Code   RO          917    .ARM.Collect$$libshutdown$$00000004  c_w.l(libshutdown2.o)
    0x0800021c   0x0800021c   0x00000000   Code   RO          919    .ARM.Collect$$libshutdown$$00000006  c_w.l(libshutdown2.o)
    0x0800021c   0x0800021c   0x00000000   Code   RO          922    .ARM.Collect$$libshutdown$$00000009  c_w.l(libshutdown2.o)
    0x0800021c   0x0800021c   0x00000000   Code   RO          925    .ARM.Collect$$libshutdown$$0000000C  c_w.l(libshutdown2.o)
    0x0800021c   0x0800021c   0x00000000   Code   RO          927    .ARM.Collect$$libshutdown$$0000000E  c_w.l(libshutdown2.o)
    0x0800021c   0x0800021c   0x00000000   Code   RO          930    .ARM.Collect$$libshutdown$$00000011  c_w.l(libshutdown2.o)
    0x0800021c   0x0800021c   0x00000002   Code   RO          931    .ARM.Collect$$libshutdown$$00000012  c_w.l(libshutdown2.o)
    0x0800021e   0x0800021e   0x00000000   Code   RO          670    .ARM.Collect$$rtentry$$00000000  c_w.l(__rtentry.o)
    0x0800021e   0x0800021e   0x00000000   Code   RO          740    .ARM.Collect$$rtentry$$00000002  c_w.l(__rtentry2.o)
    0x0800021e   0x0800021e   0x00000006   Code   RO          752    .ARM.Collect$$rtentry$$00000004  c_w.l(__rtentry4.o)
    0x08000224   0x08000224   0x00000000   Code   RO          742    .ARM.Collect$$rtentry$$00000009  c_w.l(__rtentry2.o)
    0x08000224   0x08000224   0x00000004   Code   RO          743    .ARM.Collect$$rtentry$$0000000A  c_w.l(__rtentry2.o)
    0x08000228   0x08000228   0x00000000   Code   RO          745    .ARM.Collect$$rtentry$$0000000C  c_w.l(__rtentry2.o)
    0x08000228   0x08000228   0x00000008   Code   RO          746    .ARM.Collect$$rtentry$$0000000D  c_w.l(__rtentry2.o)
    0x08000230   0x08000230   0x00000002   Code   RO          870    .ARM.Collect$$rtexit$$00000000  c_w.l(rtexit.o)
    0x08000232   0x08000232   0x00000000   Code   RO          882    .ARM.Collect$$rtexit$$00000002  c_w.l(rtexit2.o)
    0x08000232   0x08000232   0x00000004   Code   RO          883    .ARM.Collect$$rtexit$$00000003  c_w.l(rtexit2.o)
    0x08000236   0x08000236   0x00000006   Code   RO          884    .ARM.Collect$$rtexit$$00000004  c_w.l(rtexit2.o)
    0x0800023c   0x0800023c   0x00000018   Code   RO            1    .text               stm32f10x_it.o
    0x08000254   0x08000254   0x000001e0   Code   RO           86    .text               system_stm32f10x.o
    0x08000434   0x08000434   0x0000035c   Code   RO          104    .text               stm32f10x_gpio.o
    0x08000790   0x08000790   0x000003a4   Code   RO          116    .text               stm32f10x_rcc.o
    0x08000b34   0x08000b34   0x000000dc   Code   RO          130    .text               misc.o
    0x08000c10   0x08000c10   0x00000408   Code   RO          142    .text               stm32f10x_usart.o
    0x08001018   0x08001018   0x00000e1a   Code   RO          166    .text               stm32f10x_tim.o
    0x08001e32   0x08001e32   0x00000002   PAD
    0x08001e34   0x08001e34   0x0000030c   Code   RO          178    .text               stm32f10x_spi.o
    0x08002140   0x08002140   0x0000044e   Code   RO          190    .text               stm32f10x_adc.o
    0x0800258e   0x0800258e   0x00000002   PAD
    0x08002590   0x08002590   0x00000254   Code   RO          202    .text               stm32f10x_dma.o
    0x080027e4   0x080027e4   0x00000040   Code   RO          229    .text               startup_stm32f10x_hd.o
    0x08002824   0x08002824   0x000019c4   Code   RO          233    .text               z_main.o
    0x080041e8   0x080041e8   0x00000050   Code   RO          306    .text               z_delay.o
    0x08004238   0x08004238   0x000000d0   Code   RO          318    .text               z_global.o
    0x08004308   0x08004308   0x00000244   Code   RO          338    .text               z_gpio.o
    0x0800454c   0x0800454c   0x00000154   Code   RO          351    .text               z_ps2.o
    0x080046a0   0x080046a0   0x0000005e   Code   RO          363    .text               z_rcc.o
    0x080046fe   0x080046fe   0x00000002   PAD
    0x08004700   0x08004700   0x00000508   Code   RO          375    .text               z_timer.o
    0x08004c08   0x08004c08   0x00000770   Code   RO          390    .text               z_usart.o
    0x08005378   0x08005378   0x00000688   Code   RO          403    .text               z_w25q64.o
    0x08005a00   0x08005a00   0x00001158   Code   RO          419    .text               z_sensor.o
    0x08006b58   0x08006b58   0x0000011c   Code   RO          440    .text               z_adc.o
    0x08006c74   0x08006c74   0x000006b0   Code   RO          458    .text               z_color.o
    0x08007324   0x08007324   0x00000648   Code   RO          473    .text               z_kinematics.o
    0x0800796c   0x0800796c   0x000017f8   Code   RO          485    .text               z_sorting.o
    0x08009164   0x08009164   0x00000028   Code   RO          504    .text               c_w.l(noretval__2sprintf.o)
    0x0800918c   0x0800918c   0x0000004e   Code   RO          508    .text               c_w.l(_printf_pad.o)
    0x080091da   0x080091da   0x00000052   Code   RO          510    .text               c_w.l(_printf_str.o)
    0x0800922c   0x0800922c   0x00000078   Code   RO          512    .text               c_w.l(_printf_dec.o)
    0x080092a4   0x080092a4   0x00000138   Code   RO          526    .text               c_w.l(__printf_flags_wp.o)
    0x080093dc   0x080093dc   0x0000003c   Code   RO          538    .text               c_w.l(__0sscanf.o)
    0x08009418   0x08009418   0x0000014c   Code   RO          540    .text               c_w.l(_scanf_int.o)
    0x08009564   0x08009564   0x00000048   Code   RO          542    .text               c_w.l(strcpy.o)
    0x080095ac   0x080095ac   0x0000003e   Code   RO          544    .text               c_w.l(strlen.o)
    0x080095ea   0x080095ea   0x0000008a   Code   RO          546    .text               c_w.l(rt_memcpy_v6.o)
    0x08009674   0x08009674   0x00000064   Code   RO          548    .text               c_w.l(rt_memcpy_w.o)
    0x080096d8   0x080096d8   0x00000044   Code   RO          550    .text               c_w.l(rt_memclr.o)
    0x0800971c   0x0800971c   0x0000004e   Code   RO          552    .text               c_w.l(rt_memclr_w.o)
    0x0800976a   0x0800976a   0x00000006   Code   RO          554    .text               c_w.l(heapauxi.o)
    0x08009770   0x08009770   0x00000016   Code   RO          671    .text               c_w.l(_rserrno.o)
    0x08009786   0x08009786   0x000000b2   Code   RO          673    .text               c_w.l(_printf_intcommon.o)
    0x08009838   0x08009838   0x0000041e   Code   RO          675    .text               c_w.l(_printf_fp_dec.o)
    0x08009c56   0x08009c56   0x00000002   PAD
    0x08009c58   0x08009c58   0x00000030   Code   RO          677    .text               c_w.l(_printf_char_common.o)
    0x08009c88   0x08009c88   0x0000000a   Code   RO          679    .text               c_w.l(_sputc.o)
    0x08009c92   0x08009c92   0x0000002c   Code   RO          681    .text               c_w.l(_printf_char.o)
    0x08009cbe   0x08009cbe   0x0000001c   Code   RO          684    .text               c_w.l(_chval.o)
    0x08009cda   0x08009cda   0x00000002   PAD
    0x08009cdc   0x08009cdc   0x0000002c   Code   RO          686    .text               c_w.l(scanf_char.o)
    0x08009d08   0x08009d08   0x00000040   Code   RO          688    .text               c_w.l(_sgetc.o)
    0x08009d48   0x08009d48   0x00000008   Code   RO          757    .text               c_w.l(rt_locale_intlibspace.o)
    0x08009d50   0x08009d50   0x00000008   Code   RO          762    .text               c_w.l(rt_errno_addr_intlibspace.o)
    0x08009d58   0x08009d58   0x0000008a   Code   RO          764    .text               c_w.l(lludiv10.o)
    0x08009de2   0x08009de2   0x00000012   Code   RO          766    .text               c_w.l(isspace.o)
    0x08009df4   0x08009df4   0x00000080   Code   RO          768    .text               c_w.l(_printf_fp_infnan.o)
    0x08009e74   0x08009e74   0x00000374   Code   RO          772    .text               c_w.l(_scanf.o)
    0x0800a1e8   0x0800a1e8   0x000000e4   Code   RO          774    .text               c_w.l(bigflt0.o)
    0x0800a2cc   0x0800a2cc   0x00000008   Code   RO          806    .text               c_w.l(libspace.o)
    0x0800a2d4   0x0800a2d4   0x0000004a   Code   RO          809    .text               c_w.l(sys_stackheap_outer.o)
    0x0800a31e   0x0800a31e   0x00000002   PAD
    0x0800a320   0x0800a320   0x00000010   Code   RO          811    .text               c_w.l(rt_ctype_table.o)
    0x0800a330   0x0800a330   0x00000012   Code   RO          813    .text               c_w.l(exit.o)
    0x0800a342   0x0800a342   0x00000002   PAD
    0x0800a344   0x0800a344   0x00000080   Code   RO          815    .text               c_w.l(strcmpv7m.o)
    0x0800a3c4   0x0800a3c4   0x0000000c   Code   RO          894    .text               c_w.l(sys_exit.o)
    0x0800a3d0   0x0800a3d0   0x00000002   Code   RO          905    .text               c_w.l(use_no_semi.o)
    0x0800a3d2   0x0800a3d2   0x00000000   Code   RO          907    .text               c_w.l(indicate_semi.o)
    0x0800a3d2   0x0800a3d2   0x0000003e   Code   RO          777    CL$$btod_d2e        c_w.l(btod.o)
    0x0800a410   0x0800a410   0x00000046   Code   RO          779    CL$$btod_d2e_denorm_low  c_w.l(btod.o)
    0x0800a456   0x0800a456   0x00000060   Code   RO          778    CL$$btod_d2e_norm_op1  c_w.l(btod.o)
    0x0800a4b6   0x0800a4b6   0x00000338   Code   RO          787    CL$$btod_div_common  c_w.l(btod.o)
    0x0800a7ee   0x0800a7ee   0x000000dc   Code   RO          784    CL$$btod_e2e        c_w.l(btod.o)
    0x0800a8ca   0x0800a8ca   0x0000002a   Code   RO          781    CL$$btod_ediv       c_w.l(btod.o)
    0x0800a8f4   0x0800a8f4   0x0000002a   Code   RO          780    CL$$btod_emul       c_w.l(btod.o)
    0x0800a91e   0x0800a91e   0x00000244   Code   RO          786    CL$$btod_mult_common  c_w.l(btod.o)
    0x0800ab62   0x0800ab62   0x00000028   Code   RO          724    i.__ARM_fpclassify  m_ws.l(fpclassify.o)
    0x0800ab8a   0x0800ab8a   0x00000002   PAD
    0x0800ab8c   0x0800ab8c   0x00000388   Code   RO          728    i.__ieee754_rem_pio2  m_ws.l(rred.o)
    0x0800af14   0x0800af14   0x000000fc   Code   RO          707    i.__kernel_cos      m_ws.l(cos_i.o)
    0x0800b010   0x0800b010   0x000000aa   Code   RO          726    i.__kernel_poly     m_ws.l(poly.o)
    0x0800b0ba   0x0800b0ba   0x00000002   PAD
    0x0800b0bc   0x0800b0bc   0x000000ec   Code   RO          733    i.__kernel_sin      m_ws.l(sin_i.o)
    0x0800b1a8   0x0800b1a8   0x00000006   Code   RO          711    i.__mathlib_dbl_infnan  m_ws.l(dunder.o)
    0x0800b1ae   0x0800b1ae   0x0000000c   Code   RO          713    i.__mathlib_dbl_invalid  m_ws.l(dunder.o)
    0x0800b1ba   0x0800b1ba   0x00000002   PAD
    0x0800b1bc   0x0800b1bc   0x00000010   Code   RO          716    i.__mathlib_dbl_underflow  m_ws.l(dunder.o)
    0x0800b1cc   0x0800b1cc   0x0000000e   Code   RO          524    i._is_digit         c_w.l(__printf_wp.o)
    0x0800b1da   0x0800b1da   0x00000002   PAD
    0x0800b1dc   0x0800b1dc   0x0000027c   Code   RO          627    i.acos              m_ws.l(acos.o)
    0x0800b458   0x0800b458   0x00000220   Code   RO          637    i.atan              m_ws.l(atan.o)
    0x0800b678   0x0800b678   0x0000009c   Code   RO          647    i.cos               m_ws.l(cos.o)
    0x0800b714   0x0800b714   0x000000a0   Code   RO          655    i.sin               m_ws.l(sin.o)
    0x0800b7b4   0x0800b7b4   0x0000004c   Code   RO          663    i.sqrt              m_ws.l(sqrt.o)
    0x0800b800   0x0800b800   0x0000002c   Code   RO          800    locale$$code        c_w.l(lc_numeric_c.o)
    0x0800b82c   0x0800b82c   0x0000002c   Code   RO          873    locale$$code        c_w.l(lc_ctype_c.o)
    0x0800b858   0x0800b858   0x00000062   Code   RO          558    x$fpl$d2f           fz_ws.l(d2f.o)
    0x0800b8ba   0x0800b8ba   0x00000002   PAD
    0x0800b8bc   0x0800b8bc   0x00000150   Code   RO          560    x$fpl$dadd          fz_ws.l(daddsub_clz.o)
    0x0800ba0c   0x0800ba0c   0x00000010   Code   RO          802    x$fpl$dcheck1       fz_ws.l(dcheck1.o)
    0x0800ba1c   0x0800ba1c   0x00000018   Code   RO          690    x$fpl$dcmpinf       fz_ws.l(dcmpi.o)
    0x0800ba34   0x0800ba34   0x000002b0   Code   RO          567    x$fpl$ddiv          fz_ws.l(ddiv.o)
    0x0800bce4   0x0800bce4   0x0000005e   Code   RO          570    x$fpl$dfix          fz_ws.l(dfix.o)
    0x0800bd42   0x0800bd42   0x00000002   PAD
    0x0800bd44   0x0800bd44   0x0000005a   Code   RO          574    x$fpl$dfixu         fz_ws.l(dfixu.o)
    0x0800bd9e   0x0800bd9e   0x0000002e   Code   RO          579    x$fpl$dflt          fz_ws.l(dflt_clz.o)
    0x0800bdcc   0x0800bdcc   0x00000026   Code   RO          578    x$fpl$dfltu         fz_ws.l(dflt_clz.o)
    0x0800bdf2   0x0800bdf2   0x00000002   PAD
    0x0800bdf4   0x0800bdf4   0x00000078   Code   RO          584    x$fpl$dleqf         fz_ws.l(dleqf.o)
    0x0800be6c   0x0800be6c   0x00000154   Code   RO          586    x$fpl$dmul          fz_ws.l(dmul.o)
    0x0800bfc0   0x0800bfc0   0x0000009c   Code   RO          692    x$fpl$dnaninf       fz_ws.l(dnaninf.o)
    0x0800c05c   0x0800c05c   0x0000000c   Code   RO          694    x$fpl$dretinf       fz_ws.l(dretinf.o)
    0x0800c068   0x0800c068   0x0000006c   Code   RO          588    x$fpl$drleqf        fz_ws.l(drleqf.o)
    0x0800c0d4   0x0800c0d4   0x00000016   Code   RO          561    x$fpl$drsb          fz_ws.l(daddsub_clz.o)
    0x0800c0ea   0x0800c0ea   0x00000002   PAD
    0x0800c0ec   0x0800c0ec   0x000001cc   Code   RO          696    x$fpl$dsqrt         fz_ws.l(dsqrt_noumaal.o)
    0x0800c2b8   0x0800c2b8   0x000001d4   Code   RO          562    x$fpl$dsub          fz_ws.l(daddsub_clz.o)
    0x0800c48c   0x0800c48c   0x00000056   Code   RO          590    x$fpl$f2d           fz_ws.l(f2d.o)
    0x0800c4e2   0x0800c4e2   0x00000002   PAD
    0x0800c4e4   0x0800c4e4   0x000000c4   Code   RO          592    x$fpl$fadd          fz_ws.l(faddsub_clz.o)
    0x0800c5a8   0x0800c5a8   0x00000018   Code   RO          698    x$fpl$fcmpinf       fz_ws.l(fcmpi.o)
    0x0800c5c0   0x0800c5c0   0x00000184   Code   RO          599    x$fpl$fdiv          fz_ws.l(fdiv.o)
    0x0800c744   0x0800c744   0x00000068   Code   RO          602    x$fpl$feqf          fz_ws.l(feqf.o)
    0x0800c7ac   0x0800c7ac   0x00000036   Code   RO          604    x$fpl$ffix          fz_ws.l(ffix.o)
    0x0800c7e2   0x0800c7e2   0x00000002   PAD
    0x0800c7e4   0x0800c7e4   0x0000003e   Code   RO          608    x$fpl$ffixu         fz_ws.l(ffixu.o)
    0x0800c822   0x0800c822   0x00000002   PAD
    0x0800c824   0x0800c824   0x00000030   Code   RO          613    x$fpl$fflt          fz_ws.l(fflt_clz.o)
    0x0800c854   0x0800c854   0x00000026   Code   RO          612    x$fpl$ffltu         fz_ws.l(fflt_clz.o)
    0x0800c87a   0x0800c87a   0x00000002   PAD
    0x0800c87c   0x0800c87c   0x00000068   Code   RO          618    x$fpl$fleqf         fz_ws.l(fleqf.o)
    0x0800c8e4   0x0800c8e4   0x00000102   Code   RO          620    x$fpl$fmul          fz_ws.l(fmul.o)
    0x0800c9e6   0x0800c9e6   0x0000008c   Code   RO          700    x$fpl$fnaninf       fz_ws.l(fnaninf.o)
    0x0800ca72   0x0800ca72   0x0000000a   Code   RO          702    x$fpl$fretinf       fz_ws.l(fretinf.o)
    0x0800ca7c   0x0800ca7c   0x00000062   Code   RO          622    x$fpl$frleqf        fz_ws.l(frleqf.o)
    0x0800cade   0x0800cade   0x00000014   Code   RO          593    x$fpl$frsb          fz_ws.l(faddsub_clz.o)
    0x0800caf2   0x0800caf2   0x00000002   PAD
    0x0800caf4   0x0800caf4   0x000000ea   Code   RO          594    x$fpl$fsub          fz_ws.l(faddsub_clz.o)
    0x0800cbde   0x0800cbde   0x00000004   Code   RO          624    x$fpl$printf1       fz_ws.l(printf1.o)
    0x0800cbe2   0x0800cbe2   0x00000064   Code   RO          868    x$fpl$retnan        fz_ws.l(retnan.o)
    0x0800cc46   0x0800cc46   0x0000005c   Code   RO          704    x$fpl$scalbn        fz_ws.l(scalbn.o)
    0x0800cca2   0x0800cca2   0x00000030   Code   RO          879    x$fpl$trapveneer    fz_ws.l(trapv.o)
    0x0800ccd2   0x0800ccd2   0x00000000   Code   RO          706    x$fpl$usenofp       fz_ws.l(usenofp.o)
    0x0800ccd2   0x0800ccd2   0x00000002   PAD
    0x0800ccd4   0x0800ccd4   0x000000b8   Data   RO          421    .constdata          z_sensor.o
    0x0800cd8c   0x0800cd8c   0x00000011   Data   RO          527    .constdata          c_w.l(__printf_flags_wp.o)
    0x0800cd9d   0x0800cd9d   0x00000003   PAD
    0x0800cda0   0x0800cda0   0x00000050   Data   RO          628    .constdata          m_ws.l(acos.o)
    0x0800cdf0   0x0800cdf0   0x00000098   Data   RO          638    .constdata          m_ws.l(atan.o)
    0x0800ce88   0x0800ce88   0x00000030   Data   RO          708    .constdata          m_ws.l(cos_i.o)
    0x0800ceb8   0x0800ceb8   0x000000c8   Data   RO          730    .constdata          m_ws.l(rred.o)
    0x0800cf80   0x0800cf80   0x00000028   Data   RO          734    .constdata          m_ws.l(sin_i.o)
    0x0800cfa8   0x0800cfa8   0x00000094   Data   RO          775    .constdata          c_w.l(bigflt0.o)
    0x0800d03c   0x0800d03c   0x000003f5   Data   RO          235    .conststring        z_main.o
    0x0800d431   0x0800d431   0x00000003   PAD
    0x0800d434   0x0800d434   0x00000062   Data   RO          422    .conststring        z_sensor.o
    0x0800d496   0x0800d496   0x00000002   PAD
    0x0800d498   0x0800d498   0x00000020   Data   RO          956    Region$$Table       anon$$obj.o
    0x0800d4b8   0x0800d4b8   0x0000001c   Data   RO          799    locale$$data        c_w.l(lc_numeric_c.o)
    0x0800d4d4   0x0800d4d4   0x00000110   Data   RO          872    locale$$data        c_w.l(lc_ctype_c.o)


    Execution Region RW_IRAM1 (Exec base: 0x20000000, Load base: 0x0800d5e4, Size: 0x00002278, Max: 0x00005000, ABSOLUTE, COMPRESSED[0x00000098])

    Exec Addr    Load Addr    Size         Type   Attr      Idx    E Section Name        Object

    0x20000000   COMPRESSED   0x00000014   Data   RW           87    .data               system_stm32f10x.o
    0x20000014   COMPRESSED   0x00000014   Data   RW          117    .data               stm32f10x_rcc.o
    0x20000028   COMPRESSED   0x000000fa   Data   RW          236    .data               z_main.o
    0x20000122   COMPRESSED   0x00000004   Data   RW          320    .data               z_global.o
    0x20000126   COMPRESSED   0x00000001   Data   RW          339    .data               z_gpio.o
    0x20000127   COMPRESSED   0x00000001   PAD
    0x20000128   COMPRESSED   0x0000000d   Data   RW          376    .data               z_timer.o
    0x20000135   COMPRESSED   0x00000001   PAD
    0x20000136   COMPRESSED   0x00000006   Data   RW          391    .data               z_usart.o
    0x2000013c   COMPRESSED   0x00000005   Data   RW          405    .data               z_w25q64.o
    0x20000141   COMPRESSED   0x00000003   PAD
    0x20000144   COMPRESSED   0x00000070   Data   RW          423    .data               z_sensor.o
    0x200001b4   COMPRESSED   0x00000002   Data   RW          441    .data               z_adc.o
    0x200001b6   COMPRESSED   0x00000002   PAD
    0x200001b8   COMPRESSED   0x00000019   Data   RW          487    .data               z_sorting.o
    0x200001d1   COMPRESSED   0x00000003   PAD
    0x200001d4        -       0x00000064   Zero   RW          234    .bss                z_main.o
    0x20000238        -       0x00000940   Zero   RW          319    .bss                z_global.o
    0x20000b78        -       0x00001012   Zero   RW          404    .bss                z_w25q64.o
    0x20001b8a   COMPRESSED   0x00000002   PAD
    0x20001b8c        -       0x00000014   Zero   RW          420    .bss                z_sensor.o
    0x20001ba0        -       0x00000074   Zero   RW          486    .bss                z_sorting.o
    0x20001c14        -       0x00000060   Zero   RW          807    .bss                c_w.l(libspace.o)
    0x20001c74   COMPRESSED   0x00000004   PAD
    0x20001c78        -       0x00000200   Zero   RW          227    HEAP                startup_stm32f10x_hd.o
    0x20001e78        -       0x00000400   Zero   RW          226    STACK               startup_stm32f10x_hd.o


==============================================================================

Image component sizes


      Code (inc. data)   RO Data    RW Data    ZI Data      Debug   Object Name

         0          0          0          0          0         32   core_cm3.o
       220         22          0          0          0       1765   misc.o
        64         26        304          0       1536        804   startup_stm32f10x_hd.o
      1102         26          0          0          0      11005   stm32f10x_adc.o
       596          8          0          0          0       4330   stm32f10x_dma.o
       860         38          0          0          0       5701   stm32f10x_gpio.o
        24          0          0          0          0     278530   stm32f10x_it.o
       932         36          0         20          0       8868   stm32f10x_rcc.o
       780         14          0          0          0       6578   stm32f10x_spi.o
      3610         88          0          0          0      22808   stm32f10x_tim.o
      1032         22          0          0          0       8420   stm32f10x_usart.o
       480         38          0         20          0       1971   system_stm32f10x.o
       284         18          0          2          0       1665   z_adc.o
      1712          6          0          0          0       6938   z_color.o
        80          0          0          0          0       1101   z_delay.o
       208         10          0          4       2368       3107   z_global.o
       580         26          0          1          0       2727   z_gpio.o
      1608         68          0          0          0       2163   z_kinematics.o
      6596       1002       1013        250        100      33855   z_main.o
       340          8          0          0          0       1173   z_ps2.o
        94          0          0          0          0        506   z_rcc.o
      4440        798        282        112         20      12893   z_sensor.o
      6136       2160          0         25        116      12916   z_sorting.o
      1288         44          0         13          0       4651   z_timer.o
      1904         70          0          6          0       7088   z_usart.o
      1672         28          0          5       4114       6821   z_w25q64.o

    ----------------------------------------------------------------------
     36648       4556       1636        468       8256     448416   Object Totals
         0          0         32          0          0          0   (incl. Generated)
         6          0          5         10          2          0   (incl. Padding)

    ----------------------------------------------------------------------

      Code (inc. data)   RO Data    RW Data    ZI Data      Debug   Library Member Name

        60          8          0          0          0         84   __0sscanf.o
        90          0          0          0          0          0   __dczerorl2.o
         8          0          0          0          0         68   __main.o
       312          4         17          0          0         92   __printf_flags_wp.o
        14          0          0          0          0         68   __printf_wp.o
         0          0          0          0          0          0   __rtentry.o
        12          0          0          0          0          0   __rtentry2.o
         6          0          0          0          0          0   __rtentry4.o
        52          8          0          0          0          0   __scatter.o
        28          0          0          0          0          0   __scatter_zi.o
        28          0          0          0          0         68   _chval.o
        44          0          0          0          0        108   _printf_char.o
        48          6          0          0          0         96   _printf_char_common.o
         6          0          0          0          0          0   _printf_d.o
       120         16          0          0          0         92   _printf_dec.o
         6          0          0          0          0          0   _printf_f.o
      1054          0          0          0          0        216   _printf_fp_dec.o
       128         16          0          0          0         84   _printf_fp_infnan.o
       178          0          0          0          0         88   _printf_intcommon.o
        78          0          0          0          0        108   _printf_pad.o
         0          0          0          0          0          0   _printf_percent.o
         4          0          0          0          0          0   _printf_percent_end.o
         6          0          0          0          0          0   _printf_s.o
        82          0          0          0          0         80   _printf_str.o
        22          0          0          0          0        100   _rserrno.o
       884          4          0          0          0        100   _scanf.o
       332          0          0          0          0         96   _scanf_int.o
        64          0          0          0          0         84   _sgetc.o
        10          0          0          0          0         68   _sputc.o
       228          4        148          0          0         96   bigflt0.o
      1936        128          0          0          0        672   btod.o
        18          0          0          0          0         80   exit.o
         6          0          0          0          0        152   heapauxi.o
         0          0          0          0          0          0   indicate_semi.o
        18          0          0          0          0         76   isspace.o
        44         10        272          0          0         76   lc_ctype_c.o
        44         10         28          0          0         76   lc_numeric_c.o
         2          0          0          0          0          0   libinit.o
        30          0          0          0          0          0   libinit2.o
         2          0          0          0          0          0   libshutdown.o
         2          0          0          0          0          0   libshutdown2.o
         8          4          0          0         96         68   libspace.o
       138          0          0          0          0         80   lludiv10.o
        40          6          0          0          0         84   noretval__2sprintf.o
        16          4          0          0          0         76   rt_ctype_table.o
         8          4          0          0          0         68   rt_errno_addr_intlibspace.o
         8          4          0          0          0         68   rt_locale_intlibspace.o
        68          0          0          0          0         68   rt_memclr.o
        78          0          0          0          0         80   rt_memclr_w.o
       138          0          0          0          0         68   rt_memcpy_v6.o
       100          0          0          0          0         80   rt_memcpy_w.o
         2          0          0          0          0          0   rtexit.o
        10          0          0          0          0          0   rtexit2.o
        44          8          0          0          0         84   scanf_char.o
       128          0          0          0          0         68   strcmpv7m.o
        72          0          0          0          0         80   strcpy.o
        62          0          0          0          0         76   strlen.o
        12          4          0          0          0         68   sys_exit.o
        74          0          0          0          0         80   sys_stackheap_outer.o
         2          0          0          0          0         68   use_no_semi.o
        98          4          0          0          0         92   d2f.o
       826         16          0          0          0        348   daddsub_clz.o
        16          4          0          0          0         68   dcheck1.o
        24          0          0          0          0         68   dcmpi.o
       688        140          0          0          0        208   ddiv.o
        94          4          0          0          0         92   dfix.o
        90          4          0          0          0         92   dfixu.o
        84          0          0          0          0        136   dflt_clz.o
       120          4          0          0          0         92   dleqf.o
       340         12          0          0          0        104   dmul.o
       156          4          0          0          0         92   dnaninf.o
        12          0          0          0          0         68   dretinf.o
       108          0          0          0          0         80   drleqf.o
       460         56          0          0          0        120   dsqrt_noumaal.o
        86          4          0          0          0         84   f2d.o
       450          8          0          0          0        236   faddsub_clz.o
        24          0          0          0          0         68   fcmpi.o
       388         76          0          0          0         96   fdiv.o
       104          4          0          0          0         84   feqf.o
        54          4          0          0          0         84   ffix.o
        62          4          0          0          0         84   ffixu.o
        86          0          0          0          0        136   fflt_clz.o
       104          4          0          0          0         84   fleqf.o
       258          4          0          0          0         84   fmul.o
       140          4          0          0          0         84   fnaninf.o
        10          0          0          0          0         68   fretinf.o
        98          0          0          0          0         68   frleqf.o
         4          0          0          0          0         68   printf1.o
       100          0          0          0          0         68   retnan.o
        92          0          0          0          0         68   scalbn.o
        48          0          0          0          0         68   trapv.o
         0          0          0          0          0          0   usenofp.o
       636         62         80          0          0        188   acos.o
       544         70        152          0          0        124   atan.o
       156          8          0          0          0        104   cos.o
       252         22         48          0          0        124   cos_i.o
        34          6          0          0          0        204   dunder.o
        40          0          0          0          0         68   fpclassify.o
       170          0          0          0          0         96   poly.o
       904         76        200          0          0        140   rred.o
       160         10          0          0          0        108   sin.o
       236         12         40          0          0        128   sin_i.o
        76          0          0          0          0         84   sqrt.o

    ----------------------------------------------------------------------
     15484        874        988          0        100       8752   Library Totals
        38          0          3          0          4          0   (incl. Padding)

    ----------------------------------------------------------------------

      Code (inc. data)   RO Data    RW Data    ZI Data      Debug   Library Name

      7014        248        465          0         96       4192   c_w.l
      5224        360          0          0          0       3192   fz_ws.l
      3208        266        520          0          0       1368   m_ws.l

    ----------------------------------------------------------------------
     15484        874        988          0        100       8752   Library Totals

    ----------------------------------------------------------------------

==============================================================================


      Code (inc. data)   RO Data    RW Data    ZI Data      Debug   

     52132       5430       2624        468       8356     449624   Grand Totals
     52132       5430       2624        152       8356     449624   ELF Image Totals (compressed)
     52132       5430       2624        152          0          0   ROM Totals

==============================================================================

    Total RO  Size (Code + RO Data)                54756 (  53.47kB)
    Total RW  Size (RW Data + ZI Data)              8824 (   8.62kB)
    Total ROM Size (Code + RO Data + RW Data)      54908 (  53.62kB)

==============================================================================

