<html>
<body>
<pre>
<h1>µVision Build Log</h1>
<h2>Tool Versions:</h2>
IDE-Version: ¦ÌVision V5.36.0.0
Copyright (C) 2021 ARM Ltd and ARM Germany GmbH. All rights reserved.
License Information: 1 1, 1, LIC=----
 
Tool Versions:
Toolchain:       MDK-ARM Plus  Version: 5.36.0.0
Toolchain Path:  C:\Keil_v5\ARM\ARMCC\Bin
C Compiler:      Armcc.exe V5.06 update 7 (build 960)
Assembler:       Armasm.exe V5.06 update 7 (build 960)
Linker/Locator:  ArmLink.exe V5.06 update 7 (build 960)
Library Manager: ArmAr.exe V5.06 update 7 (build 960)
Hex Converter:   FromElf.exe V5.06 update 7 (build 960)
CPU DLL:         SARMCM3.DLL V5.36.0.0
Dialog DLL:      DARMSTM.DLL V1.68.0.0
Target DLL:      STLink\ST-LINKIII-KEIL_SWO.dll V3.0.9.0
Dialog DLL:      TARMSTM.DLL V1.66.0.0
 
<h2>Project:</h2>
C:\Users\Suma\Desktop\Four-way-tracking-competition\Project\Kibot1-32.uvprojx
Project File Date:  05/10/2026

<h2>Output:</h2>
*** Using Compiler 'V5.06 update 7 (build 960)', folder: 'C:\Keil_v5\ARM\ARMCC\Bin'
Rebuild target 'Target 1'
assembling startup_stm32f10x_hd.s...
compiling system_stm32f10x.c...
compiling misc.c...
compiling stm32f10x_gpio.c...
compiling stm32f10x_flash.c...
compiling stm32f10x_it.c...
compiling stm32f10x_rcc.c...
compiling stm32f10x_spi.c...
compiling core_cm3.c...
compiling stm32f10x_usart.c...
compiling stm32f10x_dma.c...
compiling stm32f10x_adc.c...
compiling stm32f10x_i2c.c...
compiling z_delay.c...
compiling stm32f10x_tim.c...
compiling z_main.c...
compiling z_kinematics.c...
compiling z_global.c...
compiling z_ps2.c...
compiling z_gpio.c...
compiling z_rcc.c...
compiling z_w25q64.c...
compiling z_adc.c...
compiling z_usart.c...
compiling z_timer.c...
compiling z_color.c...
compiling z_sensor.c...
..\src\z_sensor.c(63): warning:  #550-D: variable "g_last_mark"  was set but never used
  static TrackMark_t g_last_mark = MARK_NONE;
..\src\z_sensor.c(71): warning:  #177-D: variable "g_sensor_history"  was declared but never referenced
  static uint8_t g_sensor_history[4] = {0, 0, 0, 0};
..\src\z_sensor.c: 2 warnings, 0 errors
compiling z_sorting.c...
linking...
Program Size: Code=52132 RO-data=2624 RW-data=468 ZI-data=8356  
FromELF: creating hex file...
"..\OUT\Kibot1-32.axf" - 0 Error(s), 2 Warning(s).

<h2>Software Packages used:</h2>

Package Vendor: ARM
                http://www.keil.com/pack/ARM.CMSIS.5.8.0.pack
                ARM.CMSIS.5.8.0
                CMSIS (Common Microcontroller Software Interface Standard)
   * Component: CORE Version: 5.5.0

<h2>Collection of Component include folders:</h2>
  .\RTE\_Target_1
  C:\Users\Suma\AppData\Local\Arm\Packs\ARM\CMSIS\5.8.0\CMSIS\Core\Include

<h2>Collection of Component Files used:</h2>

   * Component: ARM::CMSIS:CORE:5.5.0
Build Time Elapsed:  00:00:03
</pre>
</body>
</html>
